06-23 16:23:15.756  2045  3591 D SystemServerTiming: getInt-ALLOW_USER_SWITCHING_WHEN_SYSTEM_USER_LOCKED
06-23 16:23:15.756  2045  3591 D SystemServerTiming: isUserUnlocked-USER_SYSTEM
06-23 16:23:15.775  3523  3611 D ControlsListingControllerImpl: Subscribing callback, service count: 2
06-23 16:23:15.776  3523  3611 D ControlsListingControllerImpl: Subscribing callback, service count: 2
06-23 16:23:15.776  3523  3611 D ControlsListingControllerImpl: Subscribing callback, service count: 2
06-23 16:23:15.809 16549 16549 I NoticeRepository: response: 200     
06-23 16:23:15.809 16549 16549 I NoticeRepository: Notification acknowledged successfully
06-23 16:23:15.864 11285 28855 W TapAndPay: isDeviceUnlocked: true [CONTEXT service_id=79 ]
06-23 16:23:15.864 11285  9340 W TapAndPay: isDeviceUnlocked: true [CONTEXT service_id=79 ]
06-23 16:23:15.864 11285 30500 W TapAndPay: isDeviceUnlocked: true [CONTEXT service_id=79 ]
06-23 16:23:15.946 16549 16639 I PendoInternal: Pendo Mobile SDK was successfully integrated and connected to the server. App version identified: '2.53.8'.
06-23 16:23:15.951  1451  1542 D CHRE    : @ 483712.842: [ActivityPlatform] type 4, confidence 83
06-23 16:23:15.990  2141  2942 D BtGatt.GattService: writeCharacteristic() - trying to acquire permit.
06-23 16:23:15.990  2141  2227 D BtGatt.GattService: onWriteCharacteristic() - increasing permit for address=90:F1:57:6C:89:34
06-23 16:23:15.997  2141  2942 D BtGatt.GattService: writeCharacteristic() - trying to acquire permit.
06-23 16:23:15.998  2141  2227 D BtGatt.GattService: onWriteCharacteristic() - increasing permit for address=90:F1:57:6C:89:34
06-23 16:23:16.000  2141  2942 D BtGatt.GattService: writeCharacteristic() - trying to acquire permit.
06-23 16:23:16.001  2141  2227 D BtGatt.GattService: onWriteCharacteristic() - increasing permit for address=90:F1:57:6C:89:34
06-23 16:23:16.003  2141  2942 D BtGatt.GattService: writeCharacteristic() - trying to acquire permit.
06-23 16:23:16.003  2141  2227 D BtGatt.GattService: onWriteCharacteristic() - increasing permit for address=90:F1:57:6C:89:34
06-23 16:23:16.004  1451  1542 D VSC     : @ 483712.895: [Significant Motion] Request motion_detect, interval 18446744027136.0 ms, latency 0.0 ms
06-23 16:23:16.005  1451  1542 D VSC     : @ 483712.896: [Significant Motion] Stop accel
06-23 16:23:16.005  2141  2942 D BtGatt.GattService: writeCharacteristic() - trying to acquire permit.
06-23 16:23:16.006  2141  2227 D BtGatt.GattService: onWriteCharacteristic() - increasing permit for address=90:F1:57:6C:89:34
06-23 16:23:16.008  2141  2942 D BtGatt.GattService: writeCharacteristic() - trying to acquire permit.
06-23 16:23:16.008  2141  2227 D BtGatt.GattService: onWriteCharacteristic() - increasing permit for address=90:F1:57:6C:89:34
06-23 16:23:16.010  2141  2942 D BtGatt.GattService: writeCharacteristic() - trying to acquire permit.
06-23 16:23:16.010  1451  1542 D ASH     : @ 483712.900: SensorType 1 resampler quality 0
06-23 16:23:16.010  1451  1542 D ASH     : @ 483712.900: SensorType 195 resampler quality 2
06-23 16:23:16.011  2141  2227 D BtGatt.GattService: onWriteCharacteristic() - increasing permit for address=90:F1:57:6C:89:34
06-23 16:23:16.013  2141  2942 D BtGatt.GattService: writeCharacteristic() - trying to acquire permit.
06-23 16:23:16.013  2141  2227 D BtGatt.GattService: onWriteCharacteristic() - increasing permit for address=90:F1:57:6C:89:34
06-23 16:23:16.172  2141  2942 D BtGatt.GattService: writeCharacteristic() - trying to acquire permit.
06-23 16:23:16.172  2141  2227 D BtGatt.GattService: onWriteCharacteristic() - increasing permit for address=90:F1:57:6C:89:34
06-23 16:23:16.181  2141  2942 D BtGatt.GattService: writeCharacteristic() - trying to acquire permit.
06-23 16:23:16.182  2141  2227 D BtGatt.GattService: onWriteCharacteristic() - increasing permit for address=90:F1:57:6C:89:34
06-23 16:23:16.184  2141  2942 D BtGatt.GattService: writeCharacteristic() - trying to acquire permit.
06-23 16:23:16.184  2141  2227 D BtGatt.GattService: onWriteCharacteristic() - increasing permit for address=90:F1:57:6C:89:34
06-23 16:23:16.186  2141  2942 D BtGatt.GattService: writeCharacteristic() - trying to acquire permit.
06-23 16:23:16.186  2141  2227 D BtGatt.GattService: onWriteCharacteristic() - increasing permit for address=90:F1:57:6C:89:34
06-23 16:23:16.188  2141  2942 D BtGatt.GattService: writeCharacteristic() - trying to acquire permit.
06-23 16:23:16.189  2141  2227 D BtGatt.GattService: onWriteCharacteristic() - increasing permit for address=90:F1:57:6C:89:34
06-23 16:23:16.191  2141  2942 D BtGatt.GattService: writeCharacteristic() - trying to acquire permit.
06-23 16:23:16.192  2141  2227 D BtGatt.GattService: onWriteCharacteristic() - increasing permit for address=90:F1:57:6C:89:34
06-23 16:23:16.194  2141  2942 D BtGatt.GattService: writeCharacteristic() - trying to acquire permit.
06-23 16:23:16.194  2141  2227 D BtGatt.GattService: onWriteCharacteristic() - increasing permit for address=90:F1:57:6C:89:34
06-23 16:23:16.226  2775  2781 I native  : I0000 00:00:1687562596.226615    2781 tf_lite_classifier.cc:400] Event stream classified as kNone
06-23 16:23:16.291 16506 16696 W DynamiteModule: Local module descriptor class for com.google.android.gms.providerinstaller.dynamite not found.
06-23 16:23:16.296 11285 11312 W ProviderHelper: Unknown dynamite feature providerinstaller.dynamite
06-23 16:23:16.303 16506 16696 I DynamiteModule: Considering local module com.google.android.gms.providerinstaller.dynamite:0 and remote module com.google.android.gms.providerinstaller.dynamite:0
06-23 16:23:16.303 16506 16696 W ProviderInstaller: Failed to load providerinstaller module: No acceptable module com.google.android.gms.providerinstaller.dynamite found. Local version is 0 and remote version is 0.
06-23 16:23:16.313 16506 16696 D nativeloader: Configuring classloader-namespace for other apk /system/framework/org.apache.http.legacy.jar. target_sdk_version=34, uses_libraries=ALL, library_path=/data/app/~~Im604tl9T4AwNi6v_O8tPA==/com.google.android.gms-IyZu5JeOSmwC0i46Y_ExDQ==/lib/arm64:/data/app/~~Im604tl9T4AwNi6v_O8tPA==/com.google.android.gms-IyZu5JeOSmwC0i46Y_ExDQ==/base.apk!/lib/arm64-v8a, permitted_path=/data:/mnt/expand:/data/user/0/com.google.android.gms
06-23 16:23:16.322 16506 16696 D nativeloader: Configuring classloader-namespace for other apk /system/framework/com.android.media.remotedisplay.jar. target_sdk_version=34, uses_libraries=ALL, library_path=/data/app/~~Im604tl9T4AwNi6v_O8tPA==/com.google.android.gms-IyZu5JeOSmwC0i46Y_ExDQ==/lib/arm64:/data/app/~~Im604tl9T4AwNi6v_O8tPA==/com.google.android.gms-IyZu5JeOSmwC0i46Y_ExDQ==/base.apk!/lib/arm64-v8a, permitted_path=/data:/mnt/expand:/data/user/0/com.google.android.gms
06-23 16:23:16.325 16506 16696 W .familyfundtime: Loading /data/misc/apexdata/com.android.art/dalvik-cache/arm64/system@framework@com.android.location.provider.jar@classes.odex non-executable as it requires an image which we failed to load
06-23 16:23:16.327 16506 16696 D nativeloader: Configuring classloader-namespace for other apk /system/framework/com.android.location.provider.jar. target_sdk_version=34, uses_libraries=ALL, library_path=/data/app/~~Im604tl9T4AwNi6v_O8tPA==/com.google.android.gms-IyZu5JeOSmwC0i46Y_ExDQ==/lib/arm64:/data/app/~~Im604tl9T4AwNi6v_O8tPA==/com.google.android.gms-IyZu5JeOSmwC0i46Y_ExDQ==/base.apk!/lib/arm64-v8a, permitted_path=/data:/mnt/expand:/data/user/0/com.google.android.gms
06-23 16:23:16.333 16506 16696 D nativeloader: Configuring classloader-namespace for other apk /data/app/~~Im604tl9T4AwNi6v_O8tPA==/com.google.android.gms-IyZu5JeOSmwC0i46Y_ExDQ==/base.apk. target_sdk_version=34, uses_libraries=, library_path=/data/app/~~Im604tl9T4AwNi6v_O8tPA==/com.google.android.gms-IyZu5JeOSmwC0i46Y_ExDQ==/lib/arm64:/data/app/~~Im604tl9T4AwNi6v_O8tPA==/com.google.android.gms-IyZu5JeOSmwC0i46Y_ExDQ==/base.apk!/lib/arm64-v8a, permitted_path=/data:/mnt/expand:/data/user/0/com.google.android.gms
06-23 16:23:16.347  2045  5711 D ConnectivityService: requestNetwork for uid/pid:10483/16506 activeRequest: null callbackRequest: 52137 [NetworkRequest [ REQUEST id=52138, [ Capabilities: INTERNET&NOT_RESTRICTED&TRUSTED&NOT_VCN_MANAGED Uid: 10483 RequestorUid: 10483 RequestorPkg: com.lutortech.familyfundtime UnderlyingNetworks: Null] ]] callback flags: 0 order: 2147483647
06-23 16:23:16.347 16506 16696 V NativeCrypto: Registering com/google/android/gms/org/conscrypt/NativeCrypto's 295 native methods...
06-23 16:23:16.352  2045  3431 D WifiNetworkFactory: got request NetworkRequest [ REQUEST id=52138, [ Capabilities: INTERNET&NOT_RESTRICTED&TRUSTED&NOT_VCN_MANAGED Uid: 10483 RequestorUid: 10483 RequestorPkg: com.lutortech.familyfundtime UnderlyingNetworks: Null] ]
06-23 16:23:16.352  2045  3431 D UntrustedWifiNetworkFactory: got request NetworkRequest [ REQUEST id=52138, [ Capabilities: INTERNET&NOT_RESTRICTED&TRUSTED&NOT_VCN_MANAGED Uid: 10483 RequestorUid: 10483 RequestorPkg: com.lutortech.familyfundtime UnderlyingNetworks: Null] ]
06-23 16:23:16.353  2045  3431 D OemPaidWifiNetworkFactory: got request NetworkRequest [ REQUEST id=52138, [ Capabilities: INTERNET&NOT_RESTRICTED&TRUSTED&NOT_VCN_MANAGED Uid: 10483 RequestorUid: 10483 RequestorPkg: com.lutortech.familyfundtime UnderlyingNetworks: Null] ]
06-23 16:23:16.353  2045  3431 D MultiInternetWifiNetworkFactory: got request NetworkRequest [ REQUEST id=52138, [ Capabilities: INTERNET&NOT_RESTRICTED&TRUSTED&NOT_VCN_MANAGED Uid: 10483 RequestorUid: 10483 RequestorPkg: com.lutortech.familyfundtime UnderlyingNetworks: Null] ]
06-23 16:23:16.353  2045  3439 D ConnectivityService: NetReassign [52138 : null  471] [c 1] [a 3] [i 2]
06-23 16:23:16.357 16506 16696 W .familyfundtime: Accessing hidden method Ljava/security/spec/ECParameterSpec;->getCurveName()Ljava/lang/String; (unsupported, reflection, allowed)
06-23 16:23:16.374 16506 16696 I ProviderInstaller: Installed default security provider GmsCore_OpenSSL
06-23 16:23:16.417  2045  5711 D ConnectivityService: requestNetwork for uid/pid:10483/16506 activeRequest: null callbackRequest: 52139 [NetworkRequest [ REQUEST id=52140, [ Capabilities: INTERNET&NOT_RESTRICTED&TRUSTED&NOT_VCN_MANAGED Uid: 10483 RequestorUid: 10483 RequestorPkg: com.lutortech.familyfundtime UnderlyingNetworks: Null] ]] callback flags: 0 order: 2147483647
06-23 16:23:16.422  2045  3431 D WifiNetworkFactory: got request NetworkRequest [ REQUEST id=52140, [ Capabilities: INTERNET&NOT_RESTRICTED&TRUSTED&NOT_VCN_MANAGED Uid: 10483 RequestorUid: 10483 RequestorPkg: com.lutortech.familyfundtime UnderlyingNetworks: Null] ]
06-23 16:23:16.422  2045  3431 D UntrustedWifiNetworkFactory: got request NetworkRequest [ REQUEST id=52140, [ Capabilities: INTERNET&NOT_RESTRICTED&TRUSTED&NOT_VCN_MANAGED Uid: 10483 RequestorUid: 10483 RequestorPkg: com.lutortech.familyfundtime UnderlyingNetworks: Null] ]
06-23 16:23:16.422  2045  3431 D OemPaidWifiNetworkFactory: got request NetworkRequest [ REQUEST id=52140, [ Capabilities: INTERNET&NOT_RESTRICTED&TRUSTED&NOT_VCN_MANAGED Uid: 10483 RequestorUid: 10483 RequestorPkg: com.lutortech.familyfundtime UnderlyingNetworks: Null] ]
06-23 16:23:16.422  2045  3431 D MultiInternetWifiNetworkFactory: got request NetworkRequest [ REQUEST id=52140, [ Capabilities: INTERNET&NOT_RESTRICTED&TRUSTED&NOT_VCN_MANAGED Uid: 10483 RequestorUid: 10483 RequestorPkg: com.lutortech.familyfundtime UnderlyingNetworks: Null] ]
06-23 16:23:16.422  2045  3439 D ConnectivityService: NetReassign [52140 : null  471] [c 1] [a 3] [i 1]
06-23 16:23:16.453 16506 16705 D TrafficStats: tagSocket(121) with statsTag=0xffffffff, statsUid=-1
06-23 16:23:16.495 16506 16705 W .familyfundtime: Accessing hidden field Ljava/net/Socket;->impl:Ljava/net/SocketImpl; (unsupported, reflection, allowed)
06-23 16:23:16.571 16506 16705 W .familyfundtime: Accessing hidden method Ljava/security/spec/ECParameterSpec;->setCurveName(Ljava/lang/String;)V (unsupported, reflection, allowed)
06-23 16:23:16.710  1783  9523 D LOWI-9.0.0.89.e: [LOWI-Scan] wait_event:Wait done with Cmd 103
06-23 16:23:16.710  1783  9523 D LOWI-9.0.0.89.e: [LOWI-Scan] do_listen_events: Rcvd valid Netlink Cmd 0 Err 0
06-23 16:23:16.710  1743  1743 I cnss-daemon: nl80211 response handler invoked
06-23 16:23:16.711  1743  1743 I cnss-daemon: nl80211_response_handler: cmd 103, vendorID 4980, subcmd 13  received
06-23 16:23:16.711  1468  3510 I WifiHAL : event received NL80211_CMD_VENDOR, vendor_id = 0x1374, subcmd = 0xd
--------- beginning of crash
06-23 16:23:16.932 16506 16692 E AndroidRuntime: FATAL EXCEPTION: DefaultDispatcher-worker-1
06-23 16:23:16.932 16506 16692 E AndroidRuntime: Process: com.lutortech.familyfundtime, PID: 16506
06-23 16:23:16.932 16506 16692 E AndroidRuntime: com.google.firebase.firestore.FirebaseFirestoreException: FAILED_PRECONDITION: The query requires a COLLECTION_GROUP_ASC index for collection members and field userId. You can create it here: https://console.firebase.google.com/v1/r/project/familyfundtime/firestore/indexes?create_exemption=ClJwcm9qZWN0cy9mYW1pbHlmdW5kdGltZS9kYXRhYmFzZXMvKGRlZmF1bHQpL2NvbGxlY3Rpb25Hcm91cHMvbWVtYmVycy9maWVsZHMvdXNlcklkEAIaCgoGdXNlcklkEAE 
06-23 16:23:16.932 16506 16692 E AndroidRuntime: 	at com.google.firebase.firestore.util.Util.exceptionFromStatus(Util.java:113)
06-23 16:23:16.932 16506 16692 E AndroidRuntime: 	at com.google.firebase.firestore.core.EventManager.onError(EventManager.java:166)
06-23 16:23:16.932 16506 16692 E AndroidRuntime: 	at com.google.firebase.firestore.core.SyncEngine.removeAndCleanupTarget(SyncEngine.java:604)
06-23 16:23:16.932 16506 16692 E AndroidRuntime: 	at com.google.firebase.firestore.core.SyncEngine.handleRejectedListen(SyncEngine.java:440)
06-23 16:23:16.932 16506 16692 E AndroidRuntime: 	at com.google.firebase.firestore.core.MemoryComponentProvider$RemoteStoreCallback.handleRejectedListen(MemoryComponentProvider.java:130)
06-23 16:23:16.932 16506 16692 E AndroidRuntime: 	at com.google.firebase.firestore.remote.RemoteStore.processTargetError(RemoteStore.java:591)
06-23 16:23:16.932 16506 16692 E AndroidRuntime: 	at com.google.firebase.firestore.remote.RemoteStore.handleWatchChange(RemoteStore.java:474)
06-23 16:23:16.932 16506 16692 E AndroidRuntime: 	at com.google.firebase.firestore.remote.RemoteStore.access$100(RemoteStore.java:60)
06-23 16:23:16.932 16506 16692 E AndroidRuntime: 	at com.google.firebase.firestore.remote.RemoteStore$1.onWatchChange(RemoteStore.java:183)
06-23 16:23:16.932 16506 16692 E AndroidRuntime: 	at com.google.firebase.firestore.remote.WatchStream.onNext(WatchStream.java:109)
06-23 16:23:16.932 16506 16692 E AndroidRuntime: 	at com.google.firebase.firestore.remote.WatchStream.onNext(WatchStream.java:38)
06-23 16:23:16.932 16506 16692 E AndroidRuntime: 	at com.google.firebase.firestore.remote.AbstractStream$StreamObserver.lambda$onNext$1$com-google-firebase-firestore-remote-AbstractStream$StreamObserver(AbstractStream.java:119)
06-23 16:23:16.932 16506 16692 E AndroidRuntime: 	at com.google.firebase.firestore.remote.AbstractStream$StreamObserver$$ExternalSyntheticLambda2.run(Unknown Source:4)
06-23 16:23:16.932 16506 16692 E AndroidRuntime: 	at com.google.firebase.firestore.remote.AbstractStream$CloseGuardedRunner.run(AbstractStream.java:67)
06-23 16:23:16.932 16506 16692 E AndroidRuntime: 	at com.google.firebase.firestore.remote.AbstractStream$StreamObserver.onNext(AbstractStream.java:110)
06-23 16:23:16.932 16506 16692 E AndroidRuntime: 	at com.google.firebase.firestore.remote.FirestoreChannel$1.onMessage(FirestoreChannel.java:140)
06-23 16:23:16.932 16506 16692 E AndroidRuntime: 	at io.grpc.internal.DelayedClientCall$DelayedListener.onMessage(DelayedClientCall.java:473)
06-23 16:23:16.932 16506 16692 E AndroidRuntime: 	at io.grpc.internal.ClientCallImpl$ClientStreamListenerImpl$1MessagesAvailable.runInternal(ClientCallImpl.java:675)
06-23 16:23:16.932 16506 16692 E AndroidRuntime: 	at io.grpc.internal.ClientCallImpl$ClientStreamListenerImpl$1MessagesAvailable.runInContext(ClientCallImpl.java:660)
06-23 16:23:16.932 16506 16692 E AndroidRuntime: 	at io.grpc.internal.ContextRunnable.run(ContextRunnable.java:37)
06-23 16:23:16.932 16506 16692 E AndroidRuntime: 	at io.grpc.internal.SerializingExecutor.run(SerializingExecutor.java:133)
06-23 16:23:16.932 16506 16692 E AndroidRuntime: 	at java.util.concurrent.Executors$RunnableAdapter.call(Executors.java:463)
06-23 16:23:16.932 16506 16692 E AndroidRuntime: 	at java.util.concurrent.FutureTask.run(FutureTask.java:264)
06-23 16:23:16.932 16506 16692 E AndroidRuntime: 	at java.util.concurrent.ScheduledThreadPoolExecutor$ScheduledFutureTask.run(ScheduledThreadPoolExecutor.java:307)
06-23 16:23:16.932 16506 16692 E AndroidRuntime: 	at java.util.concurrent.ThreadPoolExecutor.runWorker(ThreadPoolExecutor.java:1137)
06-23 16:23:16.932 16506 16692 E AndroidRuntime: 	at java.util.concurrent.ThreadPoolExecutor$Worker.run(ThreadPoolExecutor.java:637)
06-23 16:23:16.932 16506 16692 E AndroidRuntime: 	at com.google.firebase.firestore.util.AsyncQueue$SynchronizedShutdownAwareExecutor$DelayedStartFactory.run(AsyncQueue.java:235)
06-23 16:23:16.932 16506 16692 E AndroidRuntime: 	at java.lang.Thread.run(Thread.java:1012)
06-23 16:23:16.932 16506 16692 E AndroidRuntime: 	Suppressed: kotlinx.coroutines.DiagnosticCoroutineContextException: [StandaloneCoroutine{Cancelling}@b9742e, Dispatchers.IO]
06-23 16:23:16.932 16506 16692 E AndroidRuntime: Caused by: io.grpc.StatusException: FAILED_PRECONDITION: The query requires a COLLECTION_GROUP_ASC index for collection members and field userId. You can create it here: https://console.firebase.google.com/v1/r/project/familyfundtime/firestore/indexes?create_exemption=ClJwcm9qZWN0cy9mYW1pbHlmdW5kdGltZS9kYXRhYmFzZXMvKGRlZmF1bHQpL2NvbGxlY3Rpb25Hcm91cHMvbWVtYmVycy9maWVsZHMvdXNlcklkEAIaCgoGdXNlcklkEAE 
06-23 16:23:16.932 16506 16692 E AndroidRuntime: 	at io.grpc.Status.asException(Status.java:547)
06-23 16:23:16.932 16506 16692 E AndroidRuntime: 	at com.google.firebase.firestore.util.Util.exceptionFromStatus(Util.java:111)
06-23 16:23:16.932 16506 16692 E AndroidRuntime: 	... 27 more
06-23 16:23:16.934  2045 16709 I DropBoxManagerService: add tag=data_app_crash isTagEnabled=true flags=0x2
06-23 16:23:16.934  2045  9702 W ActivityTaskManager:   Force finishing activity com.lutortech.familyfundtime/.MainActivity
06-23 16:23:16.958  2045  2204 W BroadcastQueue: Background execution not allowed: receiving Intent { act=android.intent.action.DROPBOX_ENTRY_ADDED flg=0x10 (has extras) } to com.google.android.gms/.stats.service.DropBoxEntryAddedReceiver
06-23 16:23:16.959  2045  2204 W BroadcastQueue: Background execution not allowed: receiving Intent { act=android.intent.action.DROPBOX_ENTRY_ADDED flg=0x10 (has extras) } to com.google.android.gms/.chimera.GmsIntentOperationService$PersistentTrustedReceiver
06-23 16:23:16.960  2045  2204 W BroadcastQueue: Background execution not allowed: receiving Intent { act=android.intent.action.DROPBOX_ENTRY_ADDED flg=0x10 (has extras) } to com.google.android.gms/.stats.service.DropBoxEntryAddedReceiver
06-23 16:23:16.960  2045  2204 W BroadcastQueue: Background execution not allowed: receiving Intent { act=android.intent.action.DROPBOX_ENTRY_ADDED flg=0x10 (has extras) } to com.google.android.gms/.chimera.GmsIntentOperationService$PersistentTrustedReceiver
06-23 16:23:16.961 16506 16536 V FA      : Recording user engagement, ms: 3044
06-23 16:23:16.964  2045  2154 I ActivityManager: Showing crash dialog for package com.lutortech.familyfundtime u0
06-23 16:23:16.983 16506 16536 V FA      : Activity paused, time: 483709797
06-23 16:23:16.986  6716 16283 V FA-SVC  : Logging event: origin=auto,name=user_engagement(_e),params=Bundle[{ga_event_origin(_o)=auto, engagement_time_msec(_et)=3044, ga_screen_class(_sc)=MainActivity, ga_screen_id(_si)=-2651543026181318077}]
06-23 16:23:16.989 14530 30219 E OpenGLRenderer: Unable to match the desired swap behavior.
06-23 16:23:16.990 26945 26966 E OpenGLRenderer: Unable to match the desired swap behavior.
06-23 16:23:17.002 14530 14530 I A       : onStart
06-23 16:23:17.007 14530 14530 I A       : onResume
06-23 16:23:17.011  3714  3714 I WallpaperService: engine resumed
06-23 16:23:17.015  6716 16283 V FA-SVC  : Upload scheduled in approximately ms: 258427
06-23 16:23:17.015  6716 16283 V FA-SVC  : Unscheduling upload
06-23 16:23:17.021  6716 16283 V FA-SVC  : Scheduling upload, millis: 258427
06-23 16:23:17.023  6716 16283 V FA-SVC  : Background event processing time, ms: 38
06-23 16:23:17.029  6537  6537 I HdmBroadcastRecvUpd: received broadcast: Intent { act=com.google.android.googlequicksearchbox.START_HOTWORD flg=0x10 pkg=com.google.android.googlequicksearchbox }
06-23 16:23:17.030  6537  6579 I HdmHotwordRequestListen: received broadcast: Intent { act=com.google.android.googlequicksearchbox.START_HOTWORD flg=0x10 pkg=com.google.android.googlequicksearchbox }
06-23 16:23:17.031  6537  6579 I SodaTriggeringFrontend: #onConfigUpdate. requester: TRY_TO_START_NON_VOICE_MATCH_HOTWORD
06-23 16:23:17.031  6537  6580 I SodaTriggeringFrontend: #onConfigUpdate inside sequencer
06-23 16:23:17.031  6537  6580 I A       : Voice Match (Speaker-id) supported : true 
06-23 16:23:17.031  6537  6580 I A       : hotword enrollment state is enrolled:  false, speakerId model exist: false. Voice Match supported : true 
06-23 16:23:17.031  6537  6580 I A       : isHotwordAvailable():  true, isHotwordEnabled() false 
06-23 16:23:17.031  6537  6580 I A       : isHotwordAvailable():  true, isHotwordEnabled() false 
06-23 16:23:17.031  6537  6580 I A       : Hotword enrollment state : 2.
06-23 16:23:17.031  6537  6580 I A       : Voice Match (Speaker-id) supported : true 
06-23 16:23:17.031  6537  6580 I A       : Voice Match (Speaker-id) supported : true 
06-23 16:23:17.031  6537  6580 I A       : hotword enrollment state is enrolled:  false, speakerId model exist: false, voice match supported : true
06-23 16:23:17.031  6537  6580 I A       : Hotword isNonVoiceMatchHotwordEnabled: false, isHotwordAvailable : true, isHotwordEnabled : false, isVoiceMatchSupported: true, isHotwordEnrolled: false.
06-23 16:23:17.032  6537  6580 I SodaTriggeringFrontend: Ignore the legacy hotword request. voice match enabled false, isHotwordSupported false, isIncompleteEnrollmentState false, nonVoiceMatchHotwordEnabled false
06-23 16:23:17.038 16506 16532 D OpenGLRenderer: endAllActiveAnimators on 0xb400006ff96aa980 (UnprojectedRipple) with handle 0xb400006f096fb9d0
06-23 16:23:17.041 26945 26977 E OneSearchSuggestProvider: Failed to fetch suggestions from AppSearch, fallback to AGA
06-23 16:23:17.041 26945 26977 E OneSearchSuggestProvider: java.util.concurrent.CompletionException: java.util.NoSuchElementException: No value present
06-23 16:23:17.041 26945 26977 E OneSearchSuggestProvider: 	at java.util.concurrent.CompletableFuture.encodeThrowable(CompletableFuture.java:307)
06-23 16:23:17.041 26945 26977 E OneSearchSuggestProvider: 	at java.util.concurrent.CompletableFuture.completeThrowable(CompletableFuture.java:322)
06-23 16:23:17.041 26945 26977 E OneSearchSuggestProvider: 	at java.util.concurrent.CompletableFuture$UniAccept.tryFire(CompletableFuture.java:680)
06-23 16:23:17.041 26945 26977 E OneSearchSuggestProvider: 	at java.util.concurrent.CompletableFuture.postComplete(CompletableFuture.java:482)
06-23 16:23:17.041 26945 26977 E OneSearchSuggestProvider: 	at java.util.concurrent.CompletableFuture.completeExceptionally(CompletableFuture.java:2064)
06-23 16:23:17.041 26945 26977 E OneSearchSuggestProvider: 	at com.google.android.apps.nexuslauncher.allapps.K.onResult(Unknown Source:59)
06-23 16:23:17.041 26945 26977 E OneSearchSuggestProvider: 	at android.app.appsearch.SearchSessionUtil$1.lambda$onResult$0(SearchSessionUtil.java:128)
06-23 16:23:17.041 26945 26977 E OneSearchSuggestProvider: 	at android.app.appsearch.SearchSessionUtil$1.$r8$lambda$_nlk9WiPjSfaAsqKYmp0aPvSRC0(Unknown Source:0)
06-23 16:23:17.041 26945 26977 E OneSearchSuggestProvider: 	at android.app.appsearch.AppSearchSession$4$$ExternalSyntheticLambda1.run(Unknown Source:26)
06-23 16:23:17.041 26945 26977 E OneSearchSuggestProvider: 	at android.os.Handler.handleCallback(Handler.java:942)
06-23 16:23:17.041 26945 26977 E OneSearchSuggestProvider: 	at android.os.Handler.dispatchMessage(Handler.java:99)
06-23 16:23:17.041 26945 26977 E OneSearchSuggestProvider: 	at android.os.Looper.loopOnce(Looper.java:201)
06-23 16:23:17.041 26945 26977 E OneSearchSuggestProvider: 	at android.os.Looper.loop(Looper.java:288)
06-23 16:23:17.041 26945 26977 E OneSearchSuggestProvider: 	at android.os.HandlerThread.run(HandlerThread.java:67)
06-23 16:23:17.041 26945 26977 E OneSearchSuggestProvider: Caused by: java.util.NoSuchElementException: No value present
06-23 16:23:17.041 26945 26977 E OneSearchSuggestProvider: 	at java.util.Optional.get(Optional.java:144)
06-23 16:23:17.041 26945 26977 E OneSearchSuggestProvider: 	at com.google.android.apps.nexuslauncher.allapps.K.onResult(Unknown Source:16)
06-23 16:23:17.041 26945 26977 E OneSearchSuggestProvider: 	... 8 more
06-23 16:23:17.041 26945 26977 D OneSearchSuggestProvider: Created the binder channel successfully for end point service =com.google.android.apps.search.googleapp.search.suggest.plugins.onesearch.server.OneSearchSuggestService , mChannel=Q0{delegate=L0{logId=219, target=directaddress:///AndroidComponentAddress%5BIntent%20%7B%20act=grpc.io.action.BIND%20cmp=com.google.android.googlequicksearchbox/com.google.android.apps.search.googleapp.search.suggest.plugins.onesearch.server.OneSearchSuggestService%20%7D%5D}} , mOneSearchConnection=y1.J@5e6bd6f
06-23 16:23:17.051 26987 27088 I AiAiEcho: Predicting[8]: { Feature:1, creation:2023-06-23T23:00:41Z, expiry:2023-06-24T00:00:00Z, isExpired: false}, { Feature:1, creation:2023-06-24T00:00:00Z, expiry:2023-06-24T01:00:00Z, isExpired: true}, { Feature:1, creation:2023-06-24T01:00:00Z, expiry:2023-06-24T02:00:00Z, isExpired: true}, { Feature:1, creation:2023-06-24T02:00:00Z, expiry:2023-06-24T03:00:00Z, isExpired: true}, { Feature:1, creation:2023-06-24T03:00:00Z, expiry:2023-06-24T04:00:00Z, isExpired: true}, { Feature:1, creation:2023-06-24T04:00:00Z, expiry:2023-06-24T05:00:00Z, isExpired: true}, { Feature:1, creation:2023-06-24T05:00:00Z, expiry:2023-06-24T05:00:41Z, isExpired: true}, { Feature:2, creation:2023-06-23T23:00:01.619Z, expiry:2023-06-23T23:30:00Z, isExpired: false} [CONTEXT sampling_count=5 ]
06-23 16:23:17.057 26987 27088 I AiAiEcho: EchoTargets: Feature:1, Feature:2
06-23 16:23:17.057 26987 27088 I AiAiEcho: Filtered by AiAi flag check: 
06-23 16:23:17.057 26987 27088 I AiAiEcho: [CONTEXT ratelimit_period="10 SECONDS" ]
06-23 16:23:17.057 12584 12584 I GoogleInputMethodService: GoogleInputMethodService.onFinishInput():3303 
06-23 16:23:17.064 12584 12584 I GoogleInputMethodService: GoogleInputMethodService.updateDeviceLockedStatus():2122 repeatCheckTimes = 0, locked = false
06-23 16:23:17.066 26987 27088 I AiAiEcho: Ranked targets strategy: WEIGHTED, count: 2, ranking metadata: { cardId: CALENDAR-2073515017, card type: 2, update time: 2023-06-23T23:00:01.619Z, expiration time: 2023-06-23T23:35:00Z, ranking metadata: RankingMetaData(urgency=0.954, priority=0.5, recency=0.8, rankScore=0.477, importantTimePoints=# lrq@4c548712) }, { cardId: WEATHER-569377243, card type: 1, update time: 2023-06-23T23:00:41Z, expiration time: 2023-06-24T00:00:00Z, ranking metadata: RankingMetaData(urgency=0.795, priority=0.3, recency=1.0, rankScore=0.23850001, importantTimePoints=# lrq@7bca4) } [CONTEXT ratelimit_period="10 SECONDS" ]
06-23 16:23:17.068 12584 12584 I GoogleInputMethodService: GoogleInputMethodService.onStartInput():1902 onStartInput(EditorInfo{EditorInfo{packageName=com.google.android.apps.nexuslauncher, inputType=0, inputTypeString=NULL, enableLearning=false, autoCorrection=false, autoComplete=false, imeOptions=0, privateImeOptions=null, actionName=UNSPECIFIED, actionLabel=null, initialSelStart=-1, initialSelEnd=-1, initialCapsMode=0, label=null, fieldId=-1, fieldName=null, extras=null, hintText=null, hintLocales=[]}}, false)
06-23 16:23:17.068 14530 14530 I A       : Created gRPC endpoint for service class com.google.android.apps.search.googleapp.search.suggest.plugins.onesearch.server.OneSearchSuggestService
06-23 16:23:17.068 12584 12584 I GoogleInputMethodService: GoogleInputMethodService.shouldHideHeaderOnInitialState():1985 ShouldHideHeaderOnInitialState = false
06-23 16:23:17.070 12584 12584 I GoogleInputMethodService: GoogleInputMethodService.updateDeviceLockedStatus():2122 repeatCheckTimes = 1, locked = false
06-23 16:23:17.071 26987 27088 I AiAiEcho: #tapActionTwiddler: keeps UiSurface.ALL TapAction in the surface: home for the cardId: CALENDAR-2073515017
06-23 16:23:17.072 26987 27088 I AiAiEcho: #cardCombineTwiddler: cardId: CALENDAR-2073515017 and cardId: WEATHER-569377243 can combine in surface: home using UI template.
06-23 16:23:17.077 11285 16329 W NetworkScheduler: Error inserting flex_time=258000 job_id=-1 period=517000 source=16 requires_charging=0 preferred_network_type=1 target_class=com.google.android.gms.measurement.PackageMeasurementTaskService user_id=0 target_package=com.google.android.gms tag=Measurement.PackageMeasurementTaskService.UPLOAD_TASK_TAG task_type=0 required_idleness_state=0 service_kind=0 source_version=232512000 persistence_level=1 preferred_charging_state=1 required_network_type=0 runtime=1687562597030 retry_strategy={"maximum_backoff_seconds":{"3600":0},"initial_backoff_seconds":{"30":0},"retry_policy":{"0":0}} last_runtime=0 [CONTEXT service_id=218 ]
06-23 16:23:17.077 11285 16329 W NetworkScheduler: android.database.sqlite.SQLiteConstraintException: UNIQUE constraint failed: pending_ops.tag, pending_ops.target_class, pending_ops.target_package, pending_ops.user_id (code 2067 SQLITE_CONSTRAINT_UNIQUE)
06-23 16:23:17.077 11285 16329 W NetworkScheduler: 	at android.database.sqlite.SQLiteConnection.nativeExecuteForLastInsertedRowId(Native Method)
06-23 16:23:17.077 11285 16329 W NetworkScheduler: 	at android.database.sqlite.SQLiteConnection.executeForLastInsertedRowId(SQLiteConnection.java:961)
06-23 16:23:17.077 11285 16329 W NetworkScheduler: 	at android.database.sqlite.SQLiteSession.executeForLastInsertedRowId(SQLiteSession.java:790)
06-23 16:23:17.077 11285 16329 W NetworkScheduler: 	at android.database.sqlite.SQLiteStatement.executeInsert(SQLiteStatement.java:89)
06-23 16:23:17.077 11285 16329 W NetworkScheduler: 	at android.database.sqlite.SQLiteDatabase.insertWithOnConflict(SQLiteDatabase.java:1868)
06-23 16:23:17.077 11285 16329 W NetworkScheduler: 	at android.database.sqlite.SQLiteDatabase.insertOrThrow(SQLiteDatabase.java:1763)
06-23 16:23:17.077 11285 16329 W NetworkScheduler: 	at caqw.f(:com.google.android.gms@232512044@23.25.12 (190400-541819095):59)
06-23 16:23:17.077 11285 16329 W NetworkScheduler: 	at capq.n(:com.google.android.gms@232512044@23.25.12 (190400-541819095):3)
06-23 16:23:17.077 11285 16329 W NetworkScheduler: 	at capq.u(:com.google.android.gms@232512044@23.25.12 (190400-541819095):20)
06-23 16:23:17.077 11285 16329 W NetworkScheduler: 	at capq.h(:com.google.android.gms@232512044@23.25.12 (190400-541819095):3)
06-23 16:23:17.077 11285 16329 W NetworkScheduler: 	at cali.run(:com.google.android.gms@232512044@23.25.12 (190400-541819095):9)
06-23 16:23:17.077 11285 16329 W NetworkScheduler: 	at acqn.c(:com.google.android.gms@232512044@23.25.12 (190400-541819095):6)
06-23 16:23:17.077 11285 16329 W NetworkScheduler: 	at acqn.run(:com.google.android.gms@232512044@23.25.12 (190400-541819095):7)
06-23 16:23:17.077 11285 16329 W NetworkScheduler: 	at java.util.concurrent.ThreadPoolExecutor.runWorker(ThreadPoolExecutor.java:1137)
06-23 16:23:17.077 11285 16329 W NetworkScheduler: 	at java.util.concurrent.ThreadPoolExecutor$Worker.run(ThreadPoolExecutor.java:637)
06-23 16:23:17.077 11285 16329 W NetworkScheduler: 	at acvv.run(:com.google.android.gms@232512044@23.25.12 (190400-541819095):0)
06-23 16:23:17.077 11285 16329 W NetworkScheduler: 	at java.lang.Thread.run(Thread.java:1012)
06-23 16:23:17.085  2045  2154 D CompatibilityChangeReporter: Compat change id reported: 161145287; UID 1000; state: DISABLED
06-23 16:23:17.088  2045 25734 W Parcel  : Expecting binder but got null!
06-23 16:23:17.091 26987 27088 I AiAiEcho: #postPredictionTargets: Sending updates to UISurface home with targets# 1 (types=[2])
06-23 16:23:17.106  2045  2154 D CoreBackPreview: Window{382c1e5 u0 Application Error: com.lutortech.familyfundtime}: Setting back callback OnBackInvokedCallbackInfo{mCallback=android.window.WindowOnBackInvokedDispatcher$OnBackInvokedCallbackWrapper@3cae0, mPriority=0}
06-23 16:23:17.106  2045  2154 W Looper  : Slow dispatch took 114ms android.ui h=com.android.server.am.ActivityManagerService$UiHandler c=com.android.server.am.ErrorDialogController$$ExternalSyntheticLambda3@20f183f m=0
06-23 16:23:17.126  6537  6578 I AssistantForeground: Get launcher package: com.google.android.apps.nexuslauncher
06-23 16:23:17.129 26945 26963 D QuickstepModelDelegate: notifyAppTargetEvent action=1 launchLocation=workspace/1/[-1,-1]/[1,1]
06-23 16:23:17.142 26945 26945 E SsBaseTemplateCard: No tap action can be set up
06-23 16:23:17.143  2045 25734 E OpenGLRenderer: Unable to match the desired swap behavior.
06-23 16:23:17.143 26945 26945 D SsBaseTemplateCard: Passed-in item info is null
06-23 16:23:17.160  2045  2081 D CoreBackPreview: Window{365819d u0 com.lutortech.familyfundtime/com.lutortech.familyfundtime.MainActivity}: Setting back callback null
06-23 16:23:17.168  2045  2081 W InputManager-JNI: Input channel object '365819d com.lutortech.familyfundtime/com.lutortech.familyfundtime.MainActivity (client)' was disposed without first being removed with the input manager!
06-23 16:23:18.251  2775  2781 I native  : I0000 00:00:1687562598.251877    2781 tf_lite_classifier.cc:400] Event stream classified as kNone
06-23 16:23:18.421  2141 16308 D BtGatt.GattService: writeCharacteristic() - trying to acquire permit.
06-23 16:23:18.421  2141  2227 D BtGatt.GattService: onWriteCharacteristic() - increasing permit for address=90:F1:57:6C:89:34
06-23 16:23:18.432  3523  3523 W TouchableRegionManager: onHeadsUpPinnedModeChanged
06-23 16:23:18.487  3523  3523 D CentralSurfaces: Received new disable state: enaihbcrso.qingr (unchanged)
06-23 16:23:18.511  3523  3611 D ControlsListingControllerImpl: Unsubscribing callback
06-23 16:23:18.515  3523  3611 D ControlsListingControllerImpl: Unsubscribing callback
06-23 16:23:18.518  3523  3611 D ControlsListingControllerImpl: Unsubscribing callback
06-23 16:23:18.521  2141 16308 D BtGatt.GattService: writeCharacteristic() - trying to acquire permit.
06-23 16:23:18.521  2141  2227 D BtGatt.GattService: onWriteCharacteristic() - increasing permit for address=90:F1:57:6C:89:34
06-23 16:23:18.535  2045  3439 D ConnectivityService: NetReassign [no changes] [c 2] [a 2] [i 1]
06-23 16:23:18.623  2141 16308 D BtGatt.GattService: writeCharacteristic() - trying to acquire permit.
06-23 16:23:18.624  2141  2227 D BtGatt.GattService: onWriteCharacteristic() - increasing permit for address=90:F1:57:6C:89:34
06-23 16:23:18.717  1783  9523 D LOWI-9.0.0.89.e: [LOWI-Scan] wait_event:Wait done with Cmd 103
06-23 16:23:18.717  1783  9523 D LOWI-9.0.0.89.e: [LOWI-Scan] do_listen_events: Rcvd valid Netlink Cmd 0 Err 0
06-23 16:23:18.717  1743  1743 I cnss-daemon: nl80211 response handler invoked
06-23 16:23:18.718  1743  1743 I cnss-daemon: nl80211_response_handler: cmd 103, vendorID 4980, subcmd 13  received
06-23 16:23:18.718  1468  3510 I WifiHAL : event received NL80211_CMD_VENDOR, vendor_id = 0x1374, subcmd = 0xd
06-23 16:23:18.723  2141 16308 D BtGatt.GattService: writeCharacteristic() - trying to acquire permit.
06-23 16:23:18.723  2141  2227 D BtGatt.GattService: onWriteCharacteristic() - increasing permit for address=90:F1:57:6C:89:34
06-23 16:23:18.828  2141 16308 D BtGatt.GattService: writeCharacteristic() - trying to acquire permit.
06-23 16:23:18.830  2141  2227 D BtGatt.GattService: onWriteCharacteristic() - increasing permit for address=90:F1:57:6C:89:34
06-23 16:23:18.931  2141 16308 D BtGatt.GattService: writeCharacteristic() - trying to acquire permit.
06-23 16:23:18.933  2141  2227 D BtGatt.GattService: onWriteCharacteristic() - increasing permit for address=90:F1:57:6C:89:34
06-23 16:23:18.985 16506 16536 D FA      : Application going to the background
06-23 16:23:18.988 16506 16536 I FA      : Application backgrounded at: timestamp_millis: 1687562596984
