--------- beginning of main
06-23 16:23:10.708  1783  9523 D LOWI-9.0.0.89.e: [LOWI-Scan] wait_event:Wait done with Cmd 103
06-23 16:23:10.708  1783  9523 D LOWI-9.0.0.89.e: [LOWI-Scan] do_listen_events: Rcvd valid Netlink Cmd 0 Err 0
06-23 16:23:10.708  1743  1743 I cnss-daemon: nl80211 response handler invoked
06-23 16:23:10.708  1743  1743 I cnss-daemon: nl80211_response_handler: cmd 103, vendorID 4980, subcmd 13  received
06-23 16:23:10.709  1468  3510 I WifiHAL : event received NL80211_CMD_VENDOR, vendor_id = 0x1374, subcmd = 0xd
06-23 16:23:11.775 12790 16500 I a.x.j.JobQueue: Launching job OfflineSearchIndexingJob
06-23 16:23:11.777 12790 16500 I a.x.j.Job: Starting Job(OfflineSearchIndexingJob#0.72) (priority=3, jobType=ROOT)
06-23 16:23:11.779 12790 16503 I a.x.s.s.SqliteTransacti: Job(OfflineSearchIndexingJob#0.72) Started new READ_ONLY transaction readtx137 [readSequenceIdAndDatabaseResultsToIndex]
06-23 16:23:11.782 12790 16500 I a.b.d.s.c.WriteSequence: Job(OfflineSearchIndexingJob#0.72) existingWriteSequenceId=149485
06-23 16:23:11.783 12790 12911 I a.x.s.s.SqliteTransacti: Closing transaction readtx137 [readSequenceIdAndDatabaseResultsToIndex]: Stats[1 Reads (rows: 1)] after 4 ms
06-23 16:23:11.786 12790 16503 I a.b.d.i.o.i.OfflineSear: Job(OfflineSearchIndexingJob#0.72) readSequenceIdAndDatabaseResultsToIndex(): resultHasSomethingToIndex: false hasReachedMaxWriteSequenceId: true
06-23 16:23:11.788 12790 16501 I a.b.d.i.o.i.OfflineSear: Job(OfflineSearchIndexingJob#0.72) Already caught up to the current max write_sequence_id
06-23 16:23:11.789 12790 16501 I a.b.d.i.o.i.OfflineSear: Job(OfflineSearchIndexingJob#0.72) Scheduling next offline search indexing in 60000 ms
06-23 16:23:11.790 12790 16501 I a.x.j.Job: Job(OfflineSearchIndexingJob#0.72) Finished Job(OfflineSearchIndexingJob#0.72) (11 ms)
06-23 16:23:12.075  1451  1542 D CHRE    : @ 483708.951: StationaryDetect
06-23 16:23:12.075  1451  1542 D CHRE    : @ 483708.961: MagGyroCal(0)=OFF
06-23 16:23:12.094  1451  1542 D ASH     : @ 483708.984: SensorType 1 resampler quality 0
06-23 16:23:12.100  1451  1542 D ASH     : @ 483708.990: SensorType 195 resampler quality 0
06-23 16:23:12.100  1451  1542 D ASH     : @ 483708.990: SensorType 195 resampler quality 0
06-23 16:23:12.508  2045  3439 D ConnectivityService: NetReassign [no changes] [c 2] [a 2] [i 1]
06-23 16:23:12.711  1468  3510 I WifiHAL : event received NL80211_CMD_VENDOR, vendor_id = 0x1374, subcmd = 0xd
06-23 16:23:12.711  1783  9523 D LOWI-9.0.0.89.e: [LOWI-Scan] wait_event:Wait done with Cmd 103
06-23 16:23:12.711  1783  9523 D LOWI-9.0.0.89.e: [LOWI-Scan] do_listen_events: Rcvd valid Netlink Cmd 0 Err 0
06-23 16:23:12.711  1743  1743 I cnss-daemon: nl80211 response handler invoked
06-23 16:23:12.711  1743  1743 I cnss-daemon: nl80211_response_handler: cmd 103, vendorID 4980, subcmd 13  received
06-23 16:23:12.726  1451  1542 D CHRE    : @ 483709.616: [ActivityPlatform] type 4, confidence 79
06-23 16:23:13.205  2775  2781 I native  : I0000 00:00:1687562593.204940    2781 tf_lite_classifier.cc:400] Event stream classified as kNone
--------- beginning of system
06-23 16:23:13.220  2045  3591 D CompatibilityChangeReporter: Compat change id reported: 161252188; UID 10483; state: DISABLED
06-23 16:23:13.220  2045  3591 I ActivityTaskManager: START u0 {act=android.intent.action.MAIN cat=[android.intent.category.LAUNCHER] flg=0x10200000 cmp=com.lutortech.familyfundtime/.MainActivity bnds=[260,805][419,1087]} from uid 10209
06-23 16:23:13.222  2045  3591 D CompatibilityChangeReporter: Compat change id reported: 265464455; UID 10483; state: DISABLED
06-23 16:23:13.222  2045  3591 D CompatibilityChangeReporter: Compat change id reported: 265452344; UID 10483; state: DISABLED
06-23 16:23:13.223  2045  3591 D CompatibilityChangeReporter: Compat change id reported: 266124927; UID 10483; state: DISABLED
06-23 16:23:13.223  2045  3591 D CompatibilityChangeReporter: Compat change id reported: 265451093; UID 10483; state: DISABLED
06-23 16:23:13.223  2045  3591 D CompatibilityChangeReporter: Compat change id reported: 265456536; UID 10483; state: DISABLED
06-23 16:23:13.223  2045  3591 D CompatibilityChangeReporter: Compat change id reported: 255940284; UID 10483; state: DISABLED
06-23 16:23:13.223  2045  3591 D CompatibilityChangeReporter: Compat change id reported: 236283604; UID 10483; state: DISABLED
06-23 16:23:13.223  2045  3591 D CompatibilityChangeReporter: Compat change id reported: 263959004; UID 10483; state: DISABLED
06-23 16:23:13.223  2045  3591 D CompatibilityChangeReporter: Compat change id reported: 264304459; UID 10483; state: DISABLED
06-23 16:23:13.224  2045  3591 D CompatibilityChangeReporter: Compat change id reported: 264301586; UID 10483; state: DISABLED
06-23 16:23:13.224  2045  3591 D CompatibilityChangeReporter: Compat change id reported: 254631730; UID 10483; state: DISABLED
06-23 16:23:13.224  2045  3591 D CompatibilityChangeReporter: Compat change id reported: 273509367; UID 10483; state: DISABLED
06-23 16:23:13.224  2045  3591 D CompatibilityChangeReporter: Compat change id reported: 263259275; UID 10483; state: DISABLED
06-23 16:23:13.225  2045  3591 D CompatibilityChangeReporter: Compat change id reported: 194480991; UID 10483; state: ENABLED
06-23 16:23:13.226  2045  3591 D CompatibilityChangeReporter: Compat change id reported: 174042980; UID 10483; state: DISABLED
06-23 16:23:13.231  2045  3591 D CompatibilityChangeReporter: Compat change id reported: 184838306; UID 10483; state: DISABLED
06-23 16:23:13.231  2045  3591 D CompatibilityChangeReporter: Compat change id reported: 185004937; UID 10483; state: DISABLED
06-23 16:23:13.232  2045  3591 D CompatibilityChangeReporter: Compat change id reported: 181136395; UID 10483; state: DISABLED
06-23 16:23:13.232  2045  3591 D CompatibilityChangeReporter: Compat change id reported: 174042936; UID 10483; state: DISABLED
06-23 16:23:13.235  2045  3591 D CompatibilityChangeReporter: Compat change id reported: 197654537; UID 10483; state: ENABLED
06-23 16:23:13.237  2045  3591 D CompatibilityChangeReporter: Compat change id reported: 205907456; UID 10483; state: ENABLED
06-23 16:23:13.243  3523  3608 W Parcel  : Expecting binder but got null!
06-23 16:23:13.243  2045  3591 D CompatibilityChangeReporter: Compat change id reported: 194833441; UID 10483; state: ENABLED
06-23 16:23:13.247  2045  2162 D CompatibilityChangeReporter: Compat change id reported: 135634846; UID 10483; state: DISABLED
06-23 16:23:13.247  2045  2162 D CompatibilityChangeReporter: Compat change id reported: 177438394; UID 10483; state: DISABLED
06-23 16:23:13.247  2045  2162 D CompatibilityChangeReporter: Compat change id reported: 135772972; UID 10483; state: DISABLED
06-23 16:23:13.248  2045  2162 D CompatibilityChangeReporter: Compat change id reported: 135754954; UID 10483; state: ENABLED
06-23 16:23:13.248  2045  2205 D CompatibilityChangeReporter: Compat change id reported: 143937733; UID 10483; state: ENABLED
06-23 16:23:13.251 26945 26963 D QuickstepModelDelegate: notifyAppTargetEvent action=1 launchLocation=workspace/1/[1,2]/[1,1]
06-23 16:23:13.253  2045  3591 D CompatibilityChangeReporter: Compat change id reported: 168419799; UID 10483; state: DISABLED
06-23 16:23:13.253  2045  3591 D CompatibilityChangeReporter: Compat change id reported: 273564678; UID 10483; state: DISABLED
06-23 16:23:13.258  2045  3454 D CoreBackPreview: Window{6770c6f u0 Splash Screen com.lutortech.familyfundtime}: Setting back callback OnBackInvokedCallbackInfo{mCallback=android.window.IOnBackInvokedCallback$Stub$Proxy@468f605, mPriority=0}
06-23 16:23:13.261  1408  1408 D Zygote  : Forked child process 16506
06-23 16:23:13.262  2045  2205 I ActivityManager: Start proc 16506:com.lutortech.familyfundtime/u0a483 for next-top-activity {com.lutortech.familyfundtime/com.lutortech.familyfundtime.MainActivity}
06-23 16:23:13.264  3523  3608 E OpenGLRenderer: Unable to match the desired swap behavior.
06-23 16:23:13.274 16506 16506 I .familyfundtime: Late-enabling -Xcheck:jni
06-23 16:23:13.300 16506 16506 I .familyfundtime: Using CollectorTypeCC GC.
06-23 16:23:13.305  1813  1865 I adbd    : jdwp connection from 16506
06-23 16:23:13.315  2045  3591 I AppsFilter: interaction: PackageSetting{d87ed81 com.lutortech.familyfundtime/10483} -> PackageSetting{e24b138 com.google.android.apps.nexuslauncher/10209} BLOCKED
06-23 16:23:13.320 16506 16506 V studio.deploy: Startup agent attached to VM
06-23 16:23:13.320 16506 16506 V studio.deploy: No existing instrumentation found. Loading instrumentation from instruments-234ebcbd.jar
06-23 16:23:13.317 16506 16506 W re-initialized>: type=1400 audit(0.0:130012): avc: granted { execute } for path="/data/data/com.lutortech.familyfundtime/code_cache/startup_agents/b3369435-agent.so" dev="dm-45" ino=1190681 scontext=u:r:untrusted_app:s0:c227,c257,c512,c768 tcontext=u:object_r:app_data_file:s0:c227,c257,c512,c768 tclass=file app=com.lutortech.familyfundtime
06-23 16:23:13.326  6537  6580 I AssistantForeground: Get launcher package: com.google.android.apps.nexuslauncher
06-23 16:23:13.327 16506 16506 W .familyfundtime: DexFile /data/data/com.lutortech.familyfundtime/code_cache/.studio/instruments-234ebcbd.jar is in boot class path but is not in a known location
06-23 16:23:13.328 16506 16506 V studio.deploy: Applying transforms with cached classes
06-23 16:23:13.334 16506 16506 W .familyfundtime: Redefining intrinsic method java.lang.Thread java.lang.Thread.currentThread(). This may cause the unexpected use of the original definition of java.lang.Thread java.lang.Thread.currentThread()in methods that have already been compiled.
06-23 16:23:13.334 16506 16506 W .familyfundtime: Redefining intrinsic method boolean java.lang.Thread.interrupted(). This may cause the unexpected use of the original definition of boolean java.lang.Thread.interrupted()in methods that have already been compiled.
06-23 16:23:13.336 16506 16506 D CompatibilityChangeReporter: Compat change id reported: 171979766; UID 10483; state: ENABLED
06-23 16:23:13.349 16506 16506 W ziparchive: Unable to open '/data/data/com.lutortech.familyfundtime/code_cache/.overlay/base.apk/classes5.dm': No such file or directory
06-23 16:23:13.349 16506 16506 W ziparchive: Unable to open '/data/data/com.lutortech.familyfundtime/code_cache/.overlay/base.apk/classes4.dm': No such file or directory
06-23 16:23:13.350 16506 16506 W ziparchive: Unable to open '/data/data/com.lutortech.familyfundtime/code_cache/.overlay/base.apk/classes3.dm': No such file or directory
06-23 16:23:13.350 16506 16506 W ziparchive: Unable to open '/data/data/com.lutortech.familyfundtime/code_cache/.overlay/base.apk/classes7.dm': No such file or directory
06-23 16:23:13.350 16506 16506 W ziparchive: Unable to open '/data/app/~~Fhh2BqS_in2FAAGHtd_jrw==/com.lutortech.familyfundtime-6sN7kMe53N79WM7uiOJNIA==/base.dm': No such file or directory
06-23 16:23:13.350 16506 16506 W ziparchive: Unable to open '/data/app/~~Fhh2BqS_in2FAAGHtd_jrw==/com.lutortech.familyfundtime-6sN7kMe53N79WM7uiOJNIA==/base.dm': No such file or directory
06-23 16:23:13.351 14530 14530 I A       : onPause
06-23 16:23:13.355  6537  6537 I HdmBroadcastRecvUpd: received broadcast: Intent { act=com.google.android.googlequicksearchbox.STOP_HOTWORD flg=0x10 pkg=com.google.android.googlequicksearchbox }
06-23 16:23:13.356  6537  6569 I HdmHotwordRequestListen: received broadcast: Intent { act=com.google.android.googlequicksearchbox.STOP_HOTWORD flg=0x10 pkg=com.google.android.googlequicksearchbox }
06-23 16:23:13.356  6537  6569 I SodaTriggeringFrontend: #onConfigUpdate. requester: TRY_TO_STOP_NON_VOICE_MATCH_HOTWORD
06-23 16:23:13.357  6537  6569 I SodaTriggeringFrontend: #onConfigUpdate inside sequencer
06-23 16:23:13.357  6537  6569 I A       : Voice Match (Speaker-id) supported : true 
06-23 16:23:13.357  6537  6569 I A       : hotword enrollment state is enrolled:  false, speakerId model exist: false. Voice Match supported : true 
06-23 16:23:13.358  6537  6569 I A       : isHotwordAvailable():  true, isHotwordEnabled() false 
06-23 16:23:13.358  6537  6569 I A       : isHotwordAvailable():  true, isHotwordEnabled() false 
06-23 16:23:13.358  6537  6569 I A       : Hotword enrollment state : 2.
06-23 16:23:13.358  6537  6569 I A       : Voice Match (Speaker-id) supported : true 
06-23 16:23:13.358  6537  6569 I A       : Voice Match (Speaker-id) supported : true 
06-23 16:23:13.358  6537  6569 I A       : hotword enrollment state is enrolled:  false, speakerId model exist: false, voice match supported : true
06-23 16:23:13.358  6537  6569 I A       : Hotword isNonVoiceMatchHotwordEnabled: false, isHotwordAvailable : true, isHotwordEnabled : false, isVoiceMatchSupported: true, isHotwordEnrolled: false.
06-23 16:23:13.358  6537  6569 I SodaTriggeringFrontend: Ignore the legacy hotword request. voice match enabled false, isHotwordSupported false, isIncompleteEnrollmentState false, nonVoiceMatchHotwordEnabled false
06-23 16:23:13.709 16506 16506 D nativeloader: Configuring classloader-namespace for other apk /data/app/~~Fhh2BqS_in2FAAGHtd_jrw==/com.lutortech.familyfundtime-6sN7kMe53N79WM7uiOJNIA==/base.apk. target_sdk_version=33, uses_libraries=, library_path=/data/app/~~Fhh2BqS_in2FAAGHtd_jrw==/com.lutortech.familyfundtime-6sN7kMe53N79WM7uiOJNIA==/lib/arm64, permitted_path=/data:/mnt/expand:/data/user/0/com.lutortech.familyfundtime
06-23 16:23:13.721 16506 16506 V GraphicsEnvironment: ANGLE Developer option for 'com.lutortech.familyfundtime' set to: 'default'
06-23 16:23:13.721 16506 16506 V GraphicsEnvironment: ANGLE GameManagerService for com.lutortech.familyfundtime: false
06-23 16:23:13.721 16506 16506 V GraphicsEnvironment: Updatable production driver is not supported on the device.
06-23 16:23:13.726 16506 16506 D NetworkSecurityConfig: No Network Security Config specified, using platform default
06-23 16:23:13.727 16506 16506 D NetworkSecurityConfig: No Network Security Config specified, using platform default
06-23 16:23:13.740 16506 16506 D CompatibilityChangeReporter: Compat change id reported: 183155436; UID 10483; state: ENABLED
06-23 16:23:13.759 16506 16506 I FirebaseApp: Device unlocked: initializing all Firebase APIs for app [DEFAULT]
06-23 16:23:13.770 16506 16506 I FirebaseInitProvider: FirebaseApp initialization successful
06-23 16:23:13.788 16506 16528 I DynamiteModule: Considering local module com.google.android.gms.measurement.dynamite:92 and remote module com.google.android.gms.measurement.dynamite:93
06-23 16:23:13.788 16506 16528 I DynamiteModule: Selected remote version of com.google.android.gms.measurement.dynamite, version >= 93
06-23 16:23:13.788 16506 16528 V DynamiteModule: Dynamite loader version >= 2, using loadModule2NoCrashUtils
06-23 16:23:13.792  2045  9703 D CompatibilityChangeReporter: Compat change id reported: 161145287; UID 10483; state: DISABLED
06-23 16:23:13.799 16506 16528 W System  : ClassLoader referenced unknown path: 
06-23 16:23:13.799 16506 16528 D nativeloader: Configuring classloader-namespace for other apk . target_sdk_version=34, uses_libraries=, library_path=/data/app/~~Im604tl9T4AwNi6v_O8tPA==/com.google.android.gms-IyZu5JeOSmwC0i46Y_ExDQ==/lib/arm64:/data/app/~~Im604tl9T4AwNi6v_O8tPA==/com.google.android.gms-IyZu5JeOSmwC0i46Y_ExDQ==/base.apk!/lib/arm64-v8a, permitted_path=/data:/mnt/expand:/data/user/0/com.google.android.gms
06-23 16:23:13.810 16506 16528 W .familyfundtime: ClassLoaderContext type mismatch. expected=PCL, found=DLC (PCL[] | DLC[];PCL[/data/data/com.lutortech.familyfundtime/code_cache/.overlay/base.apk/classes5.dex*1122940507:/data/data/com.lutortech.familyfundtime/code_cache/.overlay/base.apk/classes4.dex*3271772561:/data/data/com.lutortech.familyfundtime/code_cache/.overlay/base.apk/classes3.dex*874304964:/data/data/com.lutortech.familyfundtime/code_cache/.overlay/base.apk/classes7.dex*1956741221:/data/app/~~Fhh2BqS_in2FAAGHtd_jrw==/com.lutortech.familyfundtime-6sN7kMe53N79WM7uiOJNIA==/base.apk*361920873:/data/app/~~Fhh2BqS_in2FAAGHtd_jrw==/com.lutortech.familyfundtime-6sN7kMe53N79WM7uiOJNIA==/base.apk!classes2.dex*2098115610:/data/app/~~Fhh2BqS_in2FAAGHtd_jrw==/com.lutortech.familyfundtime-6sN7kMe53N79WM7uiOJNIA==/base.apk!classes3.dex*2512078351:/data/app/~~Fhh2BqS_in2FAAGHtd_jrw==/com.lutortech.familyfundtime-6sN7kMe53N79WM7uiOJNIA==/base.apk!classes4.dex*2416914452:/data/app/~~Fhh2BqS_in2FAAGHtd_jrw==/com.lutortech.familyfundtime-6sN7kMe53N79WM7uiOJNIA==/base.apk!classes5.dex*1829932205:/data/app/~~Fhh2BqS_in2FAAGHtd_jrw==/com.lutortech.familyfundtime-6sN7kMe53N79WM7uiOJNIA==/base.apk!classes6.dex*3903147398:/data/app/~~Fhh2BqS_in2FAAGHtd_jrw==/com.lutortech.familyfundtime-6sN7kMe53N79WM7uiOJNIA==/base.apk!classes7.dex*3605422857:/data/app/~~Fhh2BqS_in2FAAGHtd_jrw==/com.lutortech.familyfundtime-6sN7kMe53N79WM7uiOJNIA==/base.apk!classes8.dex*504143413:/data/app/~~Fhh2BqS_in2FAAGHtd_jrw==/com.lutortech.familyfundtime-6sN7kMe53N79WM7uiOJNIA==/base.apk!classes9.dex*3695743678])
06-23 16:23:13.817  3714  3714 I WallpaperService: engine paused
06-23 16:23:13.842 16506 16506 D FirebaseAuth: Notifying id token listeners about user ( Ip0PutWWXnQ6405915WUWtmXlrs1 ).
06-23 16:23:13.845 16506 16506 I FamilyFundTime: User already signed in: NES Dabbler
06-23 16:23:13.875 16506 16536 V FA      : App measurement collection enabled
06-23 16:23:13.876 16506 16536 V FA      : App measurement enabled for app package, google app id: com.lutortech.familyfundtime, 1:187438850032:android:e59ae884b584ed64138735
06-23 16:23:13.877 16506 16536 I FA      : App measurement initialized, version: 80013
06-23 16:23:13.877 16506 16536 I FA      : To enable debug logging run: adb shell setprop log.tag.FA VERBOSE
06-23 16:23:13.877 16506 16536 I FA      : To enable faster debug mode event logging run:
06-23 16:23:13.877 16506 16536 I FA      :   adb shell setprop debug.firebase.analytics.app com.lutortech.familyfundtime
06-23 16:23:13.877 16506 16536 D FA      : Debug-level message logging enabled
06-23 16:23:13.877 16506 16528 V FA      : onActivityCreated
06-23 16:23:13.884 26945 26945 W FrameTracker: Missing HWUI jank callback for vsyncId: 66148087, CUJ=J<LAUNCHER_APP_LAUNCH_FROM_ICON>
06-23 16:23:13.895 16506 16536 D FA      : Resetting session stitching token to not null
06-23 16:23:13.905 16506 16536 V FA      : Connecting to remote service
06-23 16:23:13.915  6716  6716 D BoundBrokerSvc: onBind: Intent { act=com.google.android.gms.measurement.START pkg=com.google.android.gms }
06-23 16:23:13.915  6716  6716 D BoundBrokerSvc: Loading bound service for intent: Intent { act=com.google.android.gms.measurement.START pkg=com.google.android.gms }
06-23 16:23:13.916 16506 16536 V FA      : Connection attempt already in progress
06-23 16:23:13.919 16506 16536 V FA      : Connection attempt already in progress
06-23 16:23:13.919 16506 16536 V FA      : Activity resumed, time: 483706752
06-23 16:23:13.920 16506 16536 I FA      : Tag Manager is not found and thus will not be used
06-23 16:23:13.922 16506 16506 D CompatibilityChangeReporter: Compat change id reported: 237531167; UID 10483; state: DISABLED
06-23 16:23:13.931 16506 16532 W Parcel  : Expecting binder but got null!
06-23 16:23:13.936 16506 16536 V FA      : Connection attempt already in progress
06-23 16:23:13.936 16506 16536 V FA      : Connection attempt already in progress
06-23 16:23:13.941  2045  3591 D CoreBackPreview: Window{365819d u0 com.lutortech.familyfundtime/com.lutortech.familyfundtime.MainActivity}: Setting back callback OnBackInvokedCallbackInfo{mCallback=android.window.IOnBackInvokedCallback$Stub$Proxy@7d0b1e3, mPriority=0}
06-23 16:23:14.121 16506 16506 W .familyfundtime: Method boolean androidx.compose.runtime.snapshots.SnapshotStateList.conditionalUpdate(kotlin.jvm.functions.Function1) failed lock verification and will run slower.
06-23 16:23:14.121 16506 16506 W .familyfundtime: Common causes for lock verification issues are non-optimized dex code
06-23 16:23:14.121 16506 16506 W .familyfundtime: and incorrect proguard optimizations.
06-23 16:23:14.121 16506 16506 W .familyfundtime: Method java.lang.Object androidx.compose.runtime.snapshots.SnapshotStateList.mutate(kotlin.jvm.functions.Function1) failed lock verification and will run slower.
06-23 16:23:14.122 16506 16506 W .familyfundtime: Method void androidx.compose.runtime.snapshots.SnapshotStateList.update(kotlin.jvm.functions.Function1) failed lock verification and will run slower.
06-23 16:23:14.248 11285 16329 I AlarmManager: setExactAndAllowWhileIdle [name: GCM_HB_ALARM type: 2 triggerAtMillis: 485077084]
06-23 16:23:14.248  2045  3591 D CompatibilityChangeReporter: Compat change id reported: 171306433; UID 10139; state: ENABLED
06-23 16:23:14.249  2045  3591 D CompatibilityChangeReporter: Compat change id reported: 218533173; UID 10139; state: ENABLED
06-23 16:23:14.257 11285 16198 I AlarmManager: setExactAndAllowWhileIdle [name: FcmRetry type: 2 triggerAtMillis: 483827091]
06-23 16:23:14.261  2045  2204 D CompatibilityChangeReporter: Compat change id reported: 135634846; UID 10497; state: DISABLED
06-23 16:23:14.261  2045  2204 D CompatibilityChangeReporter: Compat change id reported: 177438394; UID 10497; state: DISABLED
06-23 16:23:14.261  2045  2204 D CompatibilityChangeReporter: Compat change id reported: 135772972; UID 10497; state: DISABLED
06-23 16:23:14.261  2045  2204 D CompatibilityChangeReporter: Compat change id reported: 135754954; UID 10497; state: ENABLED
06-23 16:23:14.262  2045  2205 D CompatibilityChangeReporter: Compat change id reported: 143937733; UID 10497; state: ENABLED
06-23 16:23:14.269  1408  1408 D Zygote  : Forked child process 16549
06-23 16:23:14.269  2045  2205 I ActivityManager: Start proc 16549:com.parentsquare.psapp/u0a497 for broadcast {com.parentsquare.psapp/com.google.firebase.iid.FirebaseInstanceIdReceiver}
06-23 16:23:14.283 16506 16532 I AdrenoGLES-0: QUALCOMM build                   : 85da404, I46ff5fc46f
06-23 16:23:14.283 16506 16532 I AdrenoGLES-0: Build Date                       : 11/30/20
06-23 16:23:14.283 16506 16532 I AdrenoGLES-0: OpenGL ES Shader Compiler Version: EV031.31.04.01
06-23 16:23:14.283 16506 16532 I AdrenoGLES-0: Local Branch                     : promo490_3_Google
06-23 16:23:14.283 16506 16532 I AdrenoGLES-0: Remote Branch                    : 
06-23 16:23:14.283 16506 16532 I AdrenoGLES-0: Remote Branch                    : 
06-23 16:23:14.283 16506 16532 I AdrenoGLES-0: Reconstruct Branch               : 
06-23 16:23:14.283 16549 16549 I entsquare.psapp: Using CollectorTypeCC GC.
06-23 16:23:14.284 16506 16532 I AdrenoGLES-0: Build Config                     : S P 10.0.4 AArch64
06-23 16:23:14.284 16506 16532 I AdrenoGLES-0: Driver Path                      : /vendor/lib64/egl/libGLESv2_adreno.so
06-23 16:23:14.286 16549 16549 E entsquare.psapp: Not starting debugger since process cannot load the jdwp agent.
06-23 16:23:14.292 16506 16532 I AdrenoGLES-0: PFP: 0x016ee190, ME: 0x00000000
06-23 16:23:14.296 16506 16532 W AdrenoUtils: <ReadGpuID_from_sysfs:197>: Failed to open /sys/class/kgsl/kgsl-3d0/gpu_model
06-23 16:23:14.296 16506 16532 W AdrenoUtils: <ReadGpuID:221>: Failed to read chip ID from gpu_model. Fallback to use the GSL path
06-23 16:23:14.304 16549 16549 D CompatibilityChangeReporter: Compat change id reported: 171979766; UID 10497; state: ENABLED
06-23 16:23:14.309   733   779 I SDM     : HWCDisplay::GetColorModeCount: Supported color mode count = 3
06-23 16:23:14.309 16506 16532 E OpenGLRenderer: Unable to match the desired swap behavior.
06-23 16:23:14.316   675   675 I servicemanager: Could not find android.hardware.graphics.allocator.IAllocator/default in the VINTF manifest.
06-23 16:23:14.332 16549 16549 D nativeloader: Configuring classloader-namespace for other apk /system/framework/org.apache.http.legacy.jar. target_sdk_version=33, uses_libraries=ALL, library_path=/data/app/~~BWu2ylNm9cuu5wtTvPuS3Q==/com.parentsquare.psapp-wzKLIR5o8gcbfQykFeu3fQ==/lib/arm64:/data/app/~~BWu2ylNm9cuu5wtTvPuS3Q==/com.parentsquare.psapp-wzKLIR5o8gcbfQykFeu3fQ==/base.apk!/lib/arm64-v8a, permitted_path=/data:/mnt/expand:/data/user/0/com.parentsquare.psapp
06-23 16:23:14.337  2045  2149 W ziparchive: Unable to open '/data/app/~~Fhh2BqS_in2FAAGHtd_jrw==/com.lutortech.familyfundtime-6sN7kMe53N79WM7uiOJNIA==/base.dm': No such file or directory
06-23 16:23:14.337  2045  2149 I ActivityTaskManager: Displayed com.lutortech.familyfundtime/.MainActivity: +1s116ms
06-23 16:23:14.391  2045  9703 D CompatibilityChangeReporter: Compat change id reported: 214016041; UID 10483; state: ENABLED
06-23 16:23:14.395 16506 16536 D FA      : Connected to remote service
06-23 16:23:14.395 16506 16536 V FA      : Processing queued up service tasks: 5
06-23 16:23:14.397 12584 12584 I GoogleInputMethodService: GoogleInputMethodService.onFinishInput():3303 
06-23 16:23:14.398 12584 12584 I GoogleInputMethodService: GoogleInputMethodService.updateDeviceLockedStatus():2122 repeatCheckTimes = 0, locked = false
06-23 16:23:14.399 12584 12584 I GoogleInputMethodService: GoogleInputMethodService.onStartInput():1902 onStartInput(EditorInfo{EditorInfo{packageName=com.lutortech.familyfundtime, inputType=0, inputTypeString=NULL, enableLearning=false, autoCorrection=false, autoComplete=false, imeOptions=0, privateImeOptions=null, actionName=UNSPECIFIED, actionLabel=null, initialSelStart=-1, initialSelEnd=-1, initialCapsMode=0, label=null, fieldId=-1, fieldName=null, extras=null, hintText=null, hintLocales=[]}}, false)
06-23 16:23:14.399 12584 12584 I GoogleInputMethodService: GoogleInputMethodService.shouldHideHeaderOnInitialState():1985 ShouldHideHeaderOnInitialState = false
06-23 16:23:14.400 12584 12584 I GoogleInputMethodService: GoogleInputMethodService.updateDeviceLockedStatus():2122 repeatCheckTimes = 1, locked = false
06-23 16:23:14.408 14530 14530 I A       : onStop
06-23 16:23:14.408 26945 26977 D OneSearchSuggestProvider: Shut down the binder channel
06-23 16:23:14.409 26945 26351 I s.nexuslauncher: oneway function results for code 2 on binder at 0xb400006f09765570 will be dropped but finished with status UNKNOWN_TRANSACTION
06-23 16:23:14.426 16549 16549 D nativeloader: Configuring classloader-namespace for other apk /data/app/~~BWu2ylNm9cuu5wtTvPuS3Q==/com.parentsquare.psapp-wzKLIR5o8gcbfQykFeu3fQ==/base.apk. target_sdk_version=33, uses_libraries=, library_path=/data/app/~~BWu2ylNm9cuu5wtTvPuS3Q==/com.parentsquare.psapp-wzKLIR5o8gcbfQykFeu3fQ==/lib/arm64:/data/app/~~BWu2ylNm9cuu5wtTvPuS3Q==/com.parentsquare.psapp-wzKLIR5o8gcbfQykFeu3fQ==/base.apk!/lib/arm64-v8a, permitted_path=/data:/mnt/expand:/data/user/0/com.parentsquare.psapp
06-23 16:23:14.430 11285 11316 I FontLog : Received query Noto Color Emoji Compat, URI content://com.google.android.gms.fonts [CONTEXT service_id=132 ]
06-23 16:23:14.431 11285 11316 I FontLog : Query [emojicompat-emoji-font] resolved to {Noto Color Emoji Compat, wdth 100.0, wght 400, ital 0.0, bestEffort false} [CONTEXT service_id=132 ]
06-23 16:23:14.433  6716 16283 V FA-SVC  : Logging event: origin=auto,name=screen_view(_vs),params=Bundle[{ga_event_origin(_o)=auto, ga_screen_class(_sc)=MainActivity, ga_screen_id(_si)=-2651543026181318077}]
06-23 16:23:14.434 11285 11316 I FontLog : Fetch {Noto Color Emoji Compat, wdth 100.0, wght 400, ital 0.0, bestEffort false} end status Status{statusCode=SUCCESS, resolution=null} [CONTEXT service_id=132 ]
06-23 16:23:14.439  6716 16283 V FA-SVC  : Upload scheduled in approximately ms: 261003
06-23 16:23:14.439  6716 16283 V FA-SVC  : Unscheduling upload
06-23 16:23:14.439 11285 11316 I FontLog : Pulling font file for id = 226, cache size = 6 [CONTEXT service_id=132 ]
06-23 16:23:14.441  6716 16283 V FA-SVC  : Scheduling upload, millis: 261003
06-23 16:23:14.442  6716 16283 V FA-SVC  : Background event processing time, ms: 10
06-23 16:23:14.445 11285 11316 I FontLog : Pulling font file for id = 226, cache size = 6 [CONTEXT service_id=132 ]
06-23 16:23:14.447  6716 16283 V FA-SVC  : Saving default event parameters, appId, data size: com.lutortech.familyfundtime, 2
06-23 16:23:14.461 11285 16329 W NetworkScheduler: Error inserting flex_time=261000 job_id=-1 period=523000 source=16 requires_charging=0 preferred_network_type=1 target_class=com.google.android.gms.measurement.PackageMeasurementTaskService user_id=0 target_package=com.google.android.gms tag=Measurement.PackageMeasurementTaskService.UPLOAD_TASK_TAG task_type=0 required_idleness_state=0 service_kind=0 source_version=232512000 persistence_level=1 preferred_charging_state=1 required_network_type=0 runtime=1687562594450 retry_strategy={"maximum_backoff_seconds":{"3600":0},"initial_backoff_seconds":{"30":0},"retry_policy":{"0":0}} last_runtime=0 [CONTEXT service_id=218 ]
06-23 16:23:14.461 11285 16329 W NetworkScheduler: android.database.sqlite.SQLiteConstraintException: UNIQUE constraint failed: pending_ops.tag, pending_ops.target_class, pending_ops.target_package, pending_ops.user_id (code 2067 SQLITE_CONSTRAINT_UNIQUE)
06-23 16:23:14.461 11285 16329 W NetworkScheduler: 	at android.database.sqlite.SQLiteConnection.nativeExecuteForLastInsertedRowId(Native Method)
06-23 16:23:14.461 11285 16329 W NetworkScheduler: 	at android.database.sqlite.SQLiteConnection.executeForLastInsertedRowId(SQLiteConnection.java:961)
06-23 16:23:14.461 11285 16329 W NetworkScheduler: 	at android.database.sqlite.SQLiteSession.executeForLastInsertedRowId(SQLiteSession.java:790)
06-23 16:23:14.461 11285 16329 W NetworkScheduler: 	at android.database.sqlite.SQLiteStatement.executeInsert(SQLiteStatement.java:89)
06-23 16:23:14.461 11285 16329 W NetworkScheduler: 	at android.database.sqlite.SQLiteDatabase.insertWithOnConflict(SQLiteDatabase.java:1868)
06-23 16:23:14.461 11285 16329 W NetworkScheduler: 	at android.database.sqlite.SQLiteDatabase.insertOrThrow(SQLiteDatabase.java:1763)
06-23 16:23:14.461 11285 16329 W NetworkScheduler: 	at caqw.f(:com.google.android.gms@232512044@23.25.12 (190400-541819095):59)
06-23 16:23:14.461 11285 16329 W NetworkScheduler: 	at capq.n(:com.google.android.gms@232512044@23.25.12 (190400-541819095):3)
06-23 16:23:14.461 11285 16329 W NetworkScheduler: 	at capq.u(:com.google.android.gms@232512044@23.25.12 (190400-541819095):20)
06-23 16:23:14.461 11285 16329 W NetworkScheduler: 	at capq.h(:com.google.android.gms@232512044@23.25.12 (190400-541819095):3)
06-23 16:23:14.461 11285 16329 W NetworkScheduler: 	at cali.run(:com.google.android.gms@232512044@23.25.12 (190400-541819095):9)
06-23 16:23:14.461 11285 16329 W NetworkScheduler: 	at acqn.c(:com.google.android.gms@232512044@23.25.12 (190400-541819095):6)
06-23 16:23:14.461 11285 16329 W NetworkScheduler: 	at acqn.run(:com.google.android.gms@232512044@23.25.12 (190400-541819095):7)
06-23 16:23:14.461 11285 16329 W NetworkScheduler: 	at java.util.concurrent.ThreadPoolExecutor.runWorker(ThreadPoolExecutor.java:1137)
06-23 16:23:14.461 11285 16329 W NetworkScheduler: 	at java.util.concurrent.ThreadPoolExecutor$Worker.run(ThreadPoolExecutor.java:637)
06-23 16:23:14.461 11285 16329 W NetworkScheduler: 	at acvv.run(:com.google.android.gms@232512044@23.25.12 (190400-541819095):0)
06-23 16:23:14.461 11285 16329 W NetworkScheduler: 	at java.lang.Thread.run(Thread.java:1012)
06-23 16:23:14.489 16549 16549 V GraphicsEnvironment: ANGLE Developer option for 'com.parentsquare.psapp' set to: 'default'
06-23 16:23:14.489 16549 16549 V GraphicsEnvironment: ANGLE GameManagerService for com.parentsquare.psapp: false
06-23 16:23:14.489 16549 16549 V GraphicsEnvironment: Updatable production driver is not supported on the device.
06-23 16:23:14.491 16549 16549 D NetworkSecurityConfig: No Network Security Config specified, using platform default
06-23 16:23:14.492 16549 16549 D NetworkSecurityConfig: No Network Security Config specified, using platform default
06-23 16:23:14.613 16549 16549 D CompatibilityChangeReporter: Compat change id reported: 183155436; UID 10497; state: ENABLED
06-23 16:23:14.614 16549 16549 I FirebaseApp: Device unlocked: initializing all Firebase APIs for app [DEFAULT]
06-23 16:23:14.646 16549 16571 I DynamiteModule: Considering local module com.google.android.gms.measurement.dynamite:78 and remote module com.google.android.gms.measurement.dynamite:93
06-23 16:23:14.647 16549 16571 I DynamiteModule: Selected remote version of com.google.android.gms.measurement.dynamite, version >= 93
06-23 16:23:14.647 16549 16571 V DynamiteModule: Dynamite loader version >= 2, using loadModule2NoCrashUtils
06-23 16:23:14.652  2045  3591 D CompatibilityChangeReporter: Compat change id reported: 161145287; UID 10497; state: DISABLED
06-23 16:23:14.655 16549 16549 I FirebaseInitProvider: FirebaseApp initialization successful
06-23 16:23:14.658 16549 16571 W System  : ClassLoader referenced unknown path: 
06-23 16:23:14.658 16549 16571 D nativeloader: Configuring classloader-namespace for other apk . target_sdk_version=34, uses_libraries=, library_path=/data/app/~~Im604tl9T4AwNi6v_O8tPA==/com.google.android.gms-IyZu5JeOSmwC0i46Y_ExDQ==/lib/arm64:/data/app/~~Im604tl9T4AwNi6v_O8tPA==/com.google.android.gms-IyZu5JeOSmwC0i46Y_ExDQ==/base.apk!/lib/arm64-v8a, permitted_path=/data:/mnt/expand:/data/user/0/com.google.android.gms
06-23 16:23:14.676 16549 16571 W entsquare.psapp: ClassLoaderContext type mismatch. expected=PCL, found=DLC (PCL[] | DLC[];PCL[/data/app/~~BWu2ylNm9cuu5wtTvPuS3Q==/com.parentsquare.psapp-wzKLIR5o8gcbfQykFeu3fQ==/base.apk*2083974039:/data/app/~~BWu2ylNm9cuu5wtTvPuS3Q==/com.parentsquare.psapp-wzKLIR5o8gcbfQykFeu3fQ==/base.apk!classes2.dex*4105717759:/data/app/~~BWu2ylNm9cuu5wtTvPuS3Q==/com.parentsquare.psapp-wzKLIR5o8gcbfQykFeu3fQ==/base.apk!classes3.dex*3050901110:/data/app/~~BWu2ylNm9cuu5wtTvPuS3Q==/com.parentsquare.psapp-wzKLIR5o8gcbfQykFeu3fQ==/base.apk!classes4.dex*3588009128:/data/app/~~BWu2ylNm9cuu5wtTvPuS3Q==/com.parentsquare.psapp-wzKLIR5o8gcbfQykFeu3fQ==/base.apk!classes5.dex*2240100697:/data/app/~~BWu2ylNm9cuu5wtTvPuS3Q==/com.parentsquare.psapp-wzKLIR5o8gcbfQykFeu3fQ==/base.apk!classes6.dex*600771565]{PCL[/system/framework/org.apache.http.legacy.jar*1601893743]})
06-23 16:23:14.705  2045  5711 W InputManager-JNI: Input channel object '6770c6f Splash Screen com.lutortech.familyfundtime (client)' was disposed without first being removed with the input manager!
06-23 16:23:14.707  2045  9702 D CoreBackPreview: Window{6770c6f u0 Splash Screen com.lutortech.familyfundtime EXITING}: Setting back callback null
06-23 16:23:14.714  1783  9523 D LOWI-9.0.0.89.e: [LOWI-Scan] wait_event:Wait done with Cmd 103
06-23 16:23:14.714  1783  9523 D LOWI-9.0.0.89.e: [LOWI-Scan] do_listen_events: Rcvd valid Netlink Cmd 0 Err 0
06-23 16:23:14.714  1468  3510 I WifiHAL : event received NL80211_CMD_VENDOR, vendor_id = 0x1374, subcmd = 0xd
06-23 16:23:14.714  1743  1743 I cnss-daemon: nl80211 response handler invoked
06-23 16:23:14.714  1743  1743 I cnss-daemon: nl80211_response_handler: cmd 103, vendorID 4980, subcmd 13  received
06-23 16:23:14.748 16549 16588 V FA      : App measurement collection enabled
06-23 16:23:14.750 16549 16588 V FA      : App measurement enabled for app package, google app id: com.parentsquare.psapp, 1:1057216047578:android:389821e46b2ed053
06-23 16:23:14.751 16549 16588 I FA      : App measurement initialized, version: 80013
06-23 16:23:14.751 16549 16588 I FA      : To enable debug logging run: adb shell setprop log.tag.FA VERBOSE
06-23 16:23:14.752 16549 16588 I FA      : To enable faster debug mode event logging run:
06-23 16:23:14.752 16549 16588 I FA      :   adb shell setprop debug.firebase.analytics.app com.parentsquare.psapp
06-23 16:23:14.752 16549 16588 D FA      : Debug-level message logging enabled
06-23 16:23:14.761 16549 16549 D WM-WrkMgrInitializer: Initializing WorkManager with default configuration.
06-23 16:23:14.763 16549 16588 D FA      : Resetting session stitching token to not null
06-23 16:23:14.768  2045  3439 D ConnectivityService: NetReassign [no changes] [c 0] [a 1] [i 0]
06-23 16:23:14.776 16549 16588 V FA      : Connecting to remote service
06-23 16:23:14.789 16549 16588 V FA      : Connection attempt already in progress
06-23 16:23:14.792 16549 16588 V FA      : Connection attempt already in progress
06-23 16:23:14.801 16549 16601 D CompatibilityChangeReporter: Compat change id reported: 160794467; UID 10497; state: ENABLED
06-23 16:23:14.890 16549 16549 W FlurryAgent: Location analytics report is disabled, please enable it to improve your Flurry analytics metrics.
06-23 16:23:14.913 16549 16622 D PendoInternal: Debug logging false.
06-23 16:23:14.921 16549 16588 D FA      : Connected to remote service
06-23 16:23:14.925 16549 16588 V FA      : Processing queued up service tasks: 3
06-23 16:23:14.935 16549 16622 W System.err: SLF4J: Failed to load class "org.slf4j.impl.StaticLoggerBinder".
06-23 16:23:14.935 16549 16622 W System.err: SLF4J: Defaulting to no-operation (NOP) logger implementation
06-23 16:23:14.935 16549 16622 W System.err: SLF4J: See http://www.slf4j.org/codes.html#StaticLoggerBinder for further details.
06-23 16:23:14.950 11285 16329 E GmsConnectionFactory: UID for network attribution might be misset for tag 805307399 [CONTEXT service_id=39 ]
06-23 16:23:14.950 11285 16329 E GmsConnectionFactory: dkiq: FULL
06-23 16:23:14.950 11285 16329 E GmsConnectionFactory: 	at d.N(:com.google.android.gms@232512044@23.25.12 (190400-541819095):0)
06-23 16:23:14.950 11285 16329 E GmsConnectionFactory: 	at aonu.a(:com.google.android.gms@232512044@23.25.12 (190400-541819095):14)
06-23 16:23:14.950 11285 16329 E GmsConnectionFactory: 	at arlz.c(:com.google.android.gms@232512044@23.25.12 (190400-541819095):8)
06-23 16:23:14.950 11285 16329 E GmsConnectionFactory: 	at arlq.d(:com.google.android.gms@232512044@23.25.12 (190400-541819095):1)
06-23 16:23:14.950 11285 16329 E GmsConnectionFactory: 	at arlv.a(:com.google.android.gms@232512044@23.25.12 (190400-541819095):0)
06-23 16:23:14.950 11285 16329 E GmsConnectionFactory: 	at arlq.b(:com.google.android.gms@232512044@23.25.12 (190400-541819095):5)
06-23 16:23:14.950 11285 16329 E GmsConnectionFactory: 	at arlq.execute(:com.google.android.gms@232512044@23.25.12 (190400-541819095):8)
06-23 16:23:14.950 11285 16329 E GmsConnectionFactory: 	at arlq.execute(:com.google.android.gms@232512044@23.25.12 (190400-541819095):7)
06-23 16:23:14.950 11285 16329 E GmsConnectionFactory: 	at apvo.h(:com.google.android.gms@232512044@23.25.12 (190400-541819095):51)
06-23 16:23:14.950 11285 16329 E GmsConnectionFactory: 	at apvj.run(:com.google.android.gms@232512044@23.25.12 (190400-541819095):3)
06-23 16:23:14.950 11285 16329 E GmsConnectionFactory: 	at acqn.c(:com.google.android.gms@232512044@23.25.12 (190400-541819095):6)
06-23 16:23:14.950 11285 16329 E GmsConnectionFactory: 	at acqn.run(:com.google.android.gms@232512044@23.25.12 (190400-541819095):7)
06-23 16:23:14.950 11285 16329 E GmsConnectionFactory: 	at java.util.concurrent.ThreadPoolExecutor.runWorker(ThreadPoolExecutor.java:1137)
06-23 16:23:14.950 11285 16329 E GmsConnectionFactory: 	at java.util.concurrent.ThreadPoolExecutor$Worker.run(ThreadPoolExecutor.java:637)
06-23 16:23:14.950 11285 16329 E GmsConnectionFactory: 	at acvv.run(:com.google.android.gms@232512044@23.25.12 (190400-541819095):0)
06-23 16:23:14.950 11285 16329 E GmsConnectionFactory: 	at java.lang.Thread.run(Thread.java:1012)
06-23 16:23:14.972  6716 16283 V FA-SVC  : Saving default event parameters, appId, data size: com.parentsquare.psapp, 2
06-23 16:23:14.997 11285 16329 D TrafficStats: tagSocket(360) with statsTag=0x30000407, statsUid=-1
06-23 16:23:15.008 16549 16629 W Java7Support: Unable to load JDK7 types (annotations, java.nio.file.Path): no Java7 support added
06-23 16:23:15.016  1783  9523 D LOWI-9.0.0.89.e: [LOWI-Scan] wait_event:Wait done with Cmd 103
06-23 16:23:15.016  1783  9523 D LOWI-9.0.0.89.e: [LOWI-Scan] do_listen_events: Rcvd valid Netlink Cmd 0 Err 0
06-23 16:23:15.016  1695  1695 I wificond: Regulatory domain changed to country: US on wiphy_index: 0
06-23 16:23:15.016  1695  1695 I wificond: UpdateBandInfo
06-23 16:23:15.017  2045  3591 D WifiNl80211Manager: OnRegDomainChanged US
06-23 16:23:15.017  2045  3591 D WifiNative: onCountryCodeChanged: US
06-23 16:23:15.017  1743  1743 I cnss-daemon: nl80211 response handler invoked
06-23 16:23:15.017  1743  1743 I cnss-daemon: nl80211_response_handler: cmd 103, vendorID 4980, subcmd 10  received
06-23 16:23:15.017  1468  3510 I WifiHAL : event received NL80211_CMD_VENDOR, vendor_id = 0x1374, subcmd = 0xa
06-23 16:23:15.019  3515  3515 I wpa_supplicant: wlan0: CTRL-EVENT-AVOID-FREQ ranges=
06-23 16:23:15.019  3515  3515 I wpa_supplicant: wlan0: CTRL-EVENT-REGDOM-CHANGE init=DRIVER type=COUNTRY alpha2=US
06-23 16:23:15.022 11285 16329 W Conscrypt: Could not set socket write timeout: java.net.SocketException: Socket closed
06-23 16:23:15.022 11285 16329 W Conscrypt: 	at com.google.android.gms.org.conscrypt.Platform.setSocketWriteTimeout(:com.google.android.gms@232512044@23.25.12 (190400-541819095):2)
06-23 16:23:15.022 11285 16329 W Conscrypt: 	at com.google.android.gms.org.conscrypt.ConscryptFileDescriptorSocket.setSoWriteTimeout(:com.google.android.gms@232512044@23.25.12 (190400-541819095):0)
06-23 16:23:15.023  1695  1695 I wificond: 2.4Ghz frequencies: 2412 2417 2422 2427 2432 2437 2442 2447 2452 2457 2462
06-23 16:23:15.023  1695  1695 I wificond: 5Ghz non-DFS frequencies: 5180 5200 5220 5240 5745 5765 5785 5805 5825
06-23 16:23:15.024  1695  1695 I wificond: 5Ghz DFS frequencies: 5260 5280 5300 5320 5500 5520 5540 5560 5580 5600 5620 5640 5660 5680 5700 5720
06-23 16:23:15.024  1695  1695 I wificond: 6Ghz frequencies:
06-23 16:23:15.024  1695  1695 I wificond: 60Ghz frequencies:
06-23 16:23:15.028 16549 16629 I JJJ     : --------------------userDataModel null. Creating or trying to read from disk...
06-23 16:23:15.070 11285 16329 W Conscrypt: Could not set socket write timeout: java.net.SocketException: Socket closed
06-23 16:23:15.070 11285 16329 W Conscrypt: 	at com.google.android.gms.org.conscrypt.Platform.setSocketWriteTimeout(:com.google.android.gms@232512044@23.25.12 (190400-541819095):2)
06-23 16:23:15.070 11285 16329 W Conscrypt: 	at com.google.android.gms.org.conscrypt.ConscryptFileDescriptorSocket.setSoWriteTimeout(:com.google.android.gms@232512044@23.25.12 (190400-541819095):0)
06-23 16:23:15.094 16549 16629 I JJJ     : --------------------returning userDataModel
06-23 16:23:15.096 16549 16629 I MyFirebaseMsgService: Message payload: {ack_type=PushNotificationStat, ack_id=3082799522, author={"profile_photo_url":"https:\/\/media.parentsquare.com\/users\/14e1b997-ccbb-4056-aa38-93b95997abf2_3059e11f61f84e64be029bade56ac234.jpg?Expires=1687819288&Signature=DOh9vFU9vR3cDKzggEQif5VydMhsF~Skf3mVe8WQLUP2hXf5UCw21RCb~xrZMfbZ6QzR1M~Q4zXJXxhlNUbyZ9jMm2awLlrzLV9BQHpIaStOJruZxGeQfKwlhXPrBM~aZBrrOVE~nRMHpKzXLy7tgITcUtQQ0wn1-EyEHrvl68uznOzx-ajA0TXfveeYf6f6u5efYVekmbL8pdqfOtH3mn1tPg~5ukm4eZNZvtzSZNcZbP9h8iYcoI7qDLwyEisV2-91RQJw7rh1RiyaLAYvNtGkPoNsyBcVNCwy3qO3MPd2CYdzuGJD4P6XuFtZZ39U0iUPBBcE95zasIA2NcO90g__&Key-Pair-Id=APKAIIMEMZBREZKNEUJQ","last_name":"Unckles","first_name":"Kathleen"}, notification_id=3082799522, feed={"school_id":13698,"id":21307814,"institute_id":13698,"institute_type":"School"}, type=new_feed, registration_ids=["eeRlM5Y4RtmfxxzenP2Kmr:APA91bHrmlNnP82RefsIw6vxQTpP9UHPSg4j6m9u7QNaQ7PaZL3owV_3uJ8wtCoyM79_3UOVpiDXMM8-BMBiinXQ8t6a5HL2TLYAjTDqm1prqXHbIeTFqTEn4DeWD0JXyP1QglpId-JU"], sound=default, notification={"subtitle":"In Grade 5_UNCKLES_RHES_22-23-UNCKLES","title":"New Post by Kathleen Unckles","body":"Goodbye and Thank You"}}
06-23 16:23:15.098 16549 16629 I MyFirebaseMsgService: Notification payload: {"subtitle":"In Grade 5_UNCKLES_RHES_22-23-UNCKLES","title":"New Post by Kathleen Unckles","body":"Goodbye and Thank You"}
06-23 16:23:15.098 16549 16629 E MyFirebaseMsgService: type: new_feed
06-23 16:23:15.098 16549 16629 D MyFirebaseMsgService: author: {"profile_photo_url":"https://media.parentsquare.com/users/14e1b997-ccbb-4056-aa38-93b95997abf2_3059e11f61f84e64be029bade56ac234.jpg?Expires=1687819288&Signature=DOh9vFU9vR3cDKzggEQif5VydMhsF~Skf3mVe8WQLUP2hXf5UCw21RCb~xrZMfbZ6QzR1M~Q4zXJXxhlNUbyZ9jMm2awLlrzLV9BQHpIaStOJruZxGeQfKwlhXPrBM~aZBrrOVE~nRMHpKzXLy7tgITcUtQQ0wn1-EyEHrvl68uznOzx-ajA0TXfveeYf6f6u5efYVekmbL8pdqfOtH3mn1tPg~5ukm4eZNZvtzSZNcZbP9h8iYcoI7qDLwyEisV2-91RQJw7rh1RiyaLAYvNtGkPoNsyBcVNCwy3qO3MPd2CYdzuGJD4P6XuFtZZ39U0iUPBBcE95zasIA2NcO90g__&Key-Pair-Id=APKAIIMEMZBREZKNEUJQ","last_name":"Unckles","first_name":"Kathleen"}
06-23 16:23:15.099 16549 16629 D JJJ     : notification map: {profile_photo_url=https://media.parentsquare.com/users/14e1b997-ccbb-4056-aa38-93b95997abf2_3059e11f61f84e64be029bade56ac234.jpg?Expires=1687819288&Signature=DOh9vFU9vR3cDKzggEQif5VydMhsF~Skf3mVe8WQLUP2hXf5UCw21RCb~xrZMfbZ6QzR1M~Q4zXJXxhlNUbyZ9jMm2awLlrzLV9BQHpIaStOJruZxGeQfKwlhXPrBM~aZBrrOVE~nRMHpKzXLy7tgITcUtQQ0wn1-EyEHrvl68uznOzx-ajA0TXfveeYf6f6u5efYVekmbL8pdqfOtH3mn1tPg~5ukm4eZNZvtzSZNcZbP9h8iYcoI7qDLwyEisV2-91RQJw7rh1RiyaLAYvNtGkPoNsyBcVNCwy3qO3MPd2CYdzuGJD4P6XuFtZZ39U0iUPBBcE95zasIA2NcO90g__&Key-Pair-Id=APKAIIMEMZBREZKNEUJQ, school_id=13698, last_name=Unckles, id=21307814, type=new_feed, institute_id=13698, first_name=Kathleen, institute_type=School}
06-23 16:23:15.099 16549 16629 D JJJ     : putting extra: {profile_photo_url=https://media.parentsquare.com/users/14e1b997-ccbb-4056-aa38-93b95997abf2_3059e11f61f84e64be029bade56ac234.jpg?Expires=1687819288&Signature=DOh9vFU9vR3cDKzggEQif5VydMhsF~Skf3mVe8WQLUP2hXf5UCw21RCb~xrZMfbZ6QzR1M~Q4zXJXxhlNUbyZ9jMm2awLlrzLV9BQHpIaStOJruZxGeQfKwlhXPrBM~aZBrrOVE~nRMHpKzXLy7tgITcUtQQ0wn1-EyEHrvl68uznOzx-ajA0TXfveeYf6f6u5efYVekmbL8pdqfOtH3mn1tPg~5ukm4eZNZvtzSZNcZbP9h8iYcoI7qDLwyEisV2-91RQJw7rh1RiyaLAYvNtGkPoNsyBcVNCwy3qO3MPd2CYdzuGJD4P6XuFtZZ39U0iUPBBcE95zasIA2NcO90g__&Key-Pair-Id=APKAIIMEMZBREZKNEUJQ, school_id=13698, last_name=Unckles, id=21307814, type=new_feed, institute_id=13698, first_name=Kathleen, institute_type=School}
06-23 16:23:15.119 16549 16629 D JJJ     : dataMap: {profile_photo_url=https://media.parentsquare.com/users/14e1b997-ccbb-4056-aa38-93b95997abf2_3059e11f61f84e64be029bade56ac234.jpg?Expires=1687819288&Signature=DOh9vFU9vR3cDKzggEQif5VydMhsF~Skf3mVe8WQLUP2hXf5UCw21RCb~xrZMfbZ6QzR1M~Q4zXJXxhlNUbyZ9jMm2awLlrzLV9BQHpIaStOJruZxGeQfKwlhXPrBM~aZBrrOVE~nRMHpKzXLy7tgITcUtQQ0wn1-EyEHrvl68uznOzx-ajA0TXfveeYf6f6u5efYVekmbL8pdqfOtH3mn1tPg~5ukm4eZNZvtzSZNcZbP9h8iYcoI7qDLwyEisV2-91RQJw7rh1RiyaLAYvNtGkPoNsyBcVNCwy3qO3MPd2CYdzuGJD4P6XuFtZZ39U0iUPBBcE95zasIA2NcO90g__&Key-Pair-Id=APKAIIMEMZBREZKNEUJQ, school_id=13698, last_name=Unckles, id=21307814, type=new_feed, institute_id=13698, first_name=Kathleen, institute_type=School}
06-23 16:23:15.135 16549 16655 D room    : mapToString: {"profile_photo_url":"https://media.parentsquare.com/users/14e1b997-ccbb-4056-aa38-93b95997abf2_3059e11f61f84e64be029bade56ac234.jpg?Expires\u003d1687819288\u0026Signature\u003dDOh9vFU9vR3cDKzggEQif5VydMhsF~Skf3mVe8WQLUP2hXf5UCw21RCb~xrZMfbZ6QzR1M~Q4zXJXxhlNUbyZ9jMm2awLlrzLV9BQHpIaStOJruZxGeQfKwlhXPrBM~aZBrrOVE~nRMHpKzXLy7tgITcUtQQ0wn1-EyEHrvl68uznOzx-ajA0TXfveeYf6f6u5efYVekmbL8pdqfOtH3mn1tPg~5ukm4eZNZvtzSZNcZbP9h8iYcoI7qDLwyEisV2-91RQJw7rh1RiyaLAYvNtGkPoNsyBcVNCwy3qO3MPd2CYdzuGJD4P6XuFtZZ39U0iUPBBcE95zasIA2NcO90g__\u0026Key-Pair-Id\u003dAPKAIIMEMZBREZKNEUJQ","school_id":13698,"last_name":"Unckles","id":21307814,"type":"new_feed","institute_id":13698,"first_name":"Kathleen","institute_type":"School"}
06-23 16:23:15.140 16549 16650 D TrafficStats: tagSocket(92) with statsTag=0xffffffff, statsUid=-1
06-23 16:23:15.184 16549 16656 D TrafficStats: tagSocket(99) with statsTag=0xffffffff, statsUid=-1
06-23 16:23:15.332  2045  2045 E NotificationService: Muting recently noisy 0|com.parentsquare.psapp|2|null|10497
06-23 16:23:15.340 26987 27115 W AiAiEcho: SmartspaceNotificationPredictor no parser can handle this notification or notification is invalid
06-23 16:23:15.344 26987 27115 W AiAiEcho: SmartspaceNotificationPredictor no parser can handle this notification or notification is invalid
06-23 16:23:15.367  2141  2942 D BtGatt.GattService: writeCharacteristic() - trying to acquire permit.
06-23 16:23:15.368  2141  2227 D BtGatt.GattService: onWriteCharacteristic() - increasing permit for address=90:F1:57:6C:89:34
06-23 16:23:15.469  2141  2942 D BtGatt.GattService: writeCharacteristic() - trying to acquire permit.
06-23 16:23:15.469  2141  2227 D BtGatt.GattService: onWriteCharacteristic() - increasing permit for address=90:F1:57:6C:89:34
06-23 16:23:15.517  2045  3439 D ConnectivityService: NetReassign [no changes] [c 3] [a 2] [i 1]
06-23 16:23:15.622 16549 16677 D TrafficStats: tagSocket(100) with statsTag=0xffffffff, statsUid=-1
06-23 16:23:15.629  3523  3523 W TouchableRegionManager: onHeadsUpPinnedModeChanged
06-23 16:23:15.663  3523  3523 W OnBackInvokedCallback: OnBackInvokedCallback is not enabled for the application.
06-23 16:23:15.663  3523  3523 W OnBackInvokedCallback: Set 'android:enableOnBackInvokedCallback="true"' in the application manifest.
06-23 16:23:15.664  3523  3523 D CentralSurfaces: Received new disable state: enaihbcrso.qingr (unchanged)
06-23 16:23:15.722  3523  3608 E OpenGLRenderer: Unable to match the desired swap behavior.
06-23 16:23:15.754  2045  3591 D SystemServerTiming: getUserSwitchability-0
06-23 16:23:15.754  2045  3591 D SystemServerTiming: TM.isInCall
06-23 16:23:15.754  2045  3591 D SystemServerTiming: hasUserRestriction-DISALLOW_USER_SWITCH
06-23 16:23:15.754  2045  3591 D SystemServerTiming: getInt-ALLOW_USER_SWITCHING_WHEN_SYSTEM_USER_LOCKED
06-23 16:23:15.754  2045  3591 D SystemServerTiming: isUserUnlocked-USER_SYSTEM
06-23 16:23:15.756  2045  3591 D SystemServerTiming: getUserSwitchability-0
06-23 16:23:15.756  2045  3591 D SystemServerTiming: TM.isInCall
06-23 16:23:15.756  2045  3591 D SystemServerTiming: hasUserRestriction-DISALLOW_USER_SWITCH
